Archive member included to satisfy reference by file (symbol)

/home/gvelardez/ARM_TOOLS/gcc-arm-none-eabi-10.3-2021.10/bin/../lib/gcc/arm-none-eabi/10.3.1/../../../../arm-none-eabi/lib/thumb/v7e-m+fp/hard/libc_nano.a(lib_a-exit.o)
                              /home/gvelardez/ARM_TOOLS/gcc-arm-none-eabi-10.3-2021.10/bin/../lib/gcc/arm-none-eabi/10.3.1/../../../../arm-none-eabi/lib/thumb/v7e-m+fp/hard/crt0.o (exit)
/home/gvelardez/ARM_TOOLS/gcc-arm-none-eabi-10.3-2021.10/bin/../lib/gcc/arm-none-eabi/10.3.1/../../../../arm-none-eabi/lib/thumb/v7e-m+fp/hard/libc_nano.a(lib_a-impure.o)
                              /home/gvelardez/ARM_TOOLS/gcc-arm-none-eabi-10.3-2021.10/bin/../lib/gcc/arm-none-eabi/10.3.1/../../../../arm-none-eabi/lib/thumb/v7e-m+fp/hard/libc_nano.a(lib_a-exit.o) (_global_impure_ptr)
/home/gvelardez/ARM_TOOLS/gcc-arm-none-eabi-10.3-2021.10/bin/../lib/gcc/arm-none-eabi/10.3.1/../../../../arm-none-eabi/lib/thumb/v7e-m+fp/hard/libc_nano.a(lib_a-init.o)
                              /home/gvelardez/ARM_TOOLS/gcc-arm-none-eabi-10.3-2021.10/bin/../lib/gcc/arm-none-eabi/10.3.1/../../../../arm-none-eabi/lib/thumb/v7e-m+fp/hard/crt0.o (__libc_init_array)
/home/gvelardez/ARM_TOOLS/gcc-arm-none-eabi-10.3-2021.10/bin/../lib/gcc/arm-none-eabi/10.3.1/../../../../arm-none-eabi/lib/thumb/v7e-m+fp/hard/libc_nano.a(lib_a-memset.o)
                              /home/gvelardez/ARM_TOOLS/gcc-arm-none-eabi-10.3-2021.10/bin/../lib/gcc/arm-none-eabi/10.3.1/../../../../arm-none-eabi/lib/thumb/v7e-m+fp/hard/crt0.o (memset)
/home/gvelardez/ARM_TOOLS/gcc-arm-none-eabi-10.3-2021.10/bin/../lib/gcc/arm-none-eabi/10.3.1/../../../../arm-none-eabi/lib/thumb/v7e-m+fp/hard/libc_nano.a(lib_a-strlen.o)
                              build/main.o (strlen)
/home/gvelardez/ARM_TOOLS/gcc-arm-none-eabi-10.3-2021.10/bin/../lib/gcc/arm-none-eabi/10.3.1/../../../../arm-none-eabi/lib/thumb/v7e-m+fp/hard/libc_nano.a(lib_a-vsnprintf.o)
                              build/main.o (vsnprintf)
/home/gvelardez/ARM_TOOLS/gcc-arm-none-eabi-10.3-2021.10/bin/../lib/gcc/arm-none-eabi/10.3.1/../../../../arm-none-eabi/lib/thumb/v7e-m+fp/hard/libc_nano.a(lib_a-nano-svfprintf.o)
                              /home/gvelardez/ARM_TOOLS/gcc-arm-none-eabi-10.3-2021.10/bin/../lib/gcc/arm-none-eabi/10.3.1/../../../../arm-none-eabi/lib/thumb/v7e-m+fp/hard/libc_nano.a(lib_a-vsnprintf.o) (_svfprintf_r)
/home/gvelardez/ARM_TOOLS/gcc-arm-none-eabi-10.3-2021.10/bin/../lib/gcc/arm-none-eabi/10.3.1/../../../../arm-none-eabi/lib/thumb/v7e-m+fp/hard/libc_nano.a(lib_a-nano-vfprintf_i.o)
                              /home/gvelardez/ARM_TOOLS/gcc-arm-none-eabi-10.3-2021.10/bin/../lib/gcc/arm-none-eabi/10.3.1/../../../../arm-none-eabi/lib/thumb/v7e-m+fp/hard/libc_nano.a(lib_a-nano-svfprintf.o) (_printf_i)
/home/gvelardez/ARM_TOOLS/gcc-arm-none-eabi-10.3-2021.10/bin/../lib/gcc/arm-none-eabi/10.3.1/../../../../arm-none-eabi/lib/thumb/v7e-m+fp/hard/libc_nano.a(lib_a-memchr.o)
                              /home/gvelardez/ARM_TOOLS/gcc-arm-none-eabi-10.3-2021.10/bin/../lib/gcc/arm-none-eabi/10.3.1/../../../../arm-none-eabi/lib/thumb/v7e-m+fp/hard/libc_nano.a(lib_a-nano-svfprintf.o) (memchr)
/home/gvelardez/ARM_TOOLS/gcc-arm-none-eabi-10.3-2021.10/bin/../lib/gcc/arm-none-eabi/10.3.1/../../../../arm-none-eabi/lib/thumb/v7e-m+fp/hard/libc_nano.a(lib_a-memcpy-stub.o)
                              /home/gvelardez/ARM_TOOLS/gcc-arm-none-eabi-10.3-2021.10/bin/../lib/gcc/arm-none-eabi/10.3.1/../../../../arm-none-eabi/lib/thumb/v7e-m+fp/hard/libc_nano.a(lib_a-nano-svfprintf.o) (memcpy)
/home/gvelardez/ARM_TOOLS/gcc-arm-none-eabi-10.3-2021.10/bin/../lib/gcc/arm-none-eabi/10.3.1/../../../../arm-none-eabi/lib/thumb/v7e-m+fp/hard/libc_nano.a(lib_a-memmove.o)
                              /home/gvelardez/ARM_TOOLS/gcc-arm-none-eabi-10.3-2021.10/bin/../lib/gcc/arm-none-eabi/10.3.1/../../../../arm-none-eabi/lib/thumb/v7e-m+fp/hard/libc_nano.a(lib_a-nano-svfprintf.o) (memmove)
/home/gvelardez/ARM_TOOLS/gcc-arm-none-eabi-10.3-2021.10/bin/../lib/gcc/arm-none-eabi/10.3.1/../../../../arm-none-eabi/lib/thumb/v7e-m+fp/hard/libc_nano.a(lib_a-nano-freer.o)
                              /home/gvelardez/ARM_TOOLS/gcc-arm-none-eabi-10.3-2021.10/bin/../lib/gcc/arm-none-eabi/10.3.1/../../../../arm-none-eabi/lib/thumb/v7e-m+fp/hard/libc_nano.a(lib_a-nano-svfprintf.o) (_free_r)
/home/gvelardez/ARM_TOOLS/gcc-arm-none-eabi-10.3-2021.10/bin/../lib/gcc/arm-none-eabi/10.3.1/../../../../arm-none-eabi/lib/thumb/v7e-m+fp/hard/libc_nano.a(lib_a-nano-mallocr.o)
                              /home/gvelardez/ARM_TOOLS/gcc-arm-none-eabi-10.3-2021.10/bin/../lib/gcc/arm-none-eabi/10.3.1/../../../../arm-none-eabi/lib/thumb/v7e-m+fp/hard/libc_nano.a(lib_a-nano-svfprintf.o) (_malloc_r)
/home/gvelardez/ARM_TOOLS/gcc-arm-none-eabi-10.3-2021.10/bin/../lib/gcc/arm-none-eabi/10.3.1/../../../../arm-none-eabi/lib/thumb/v7e-m+fp/hard/libc_nano.a(lib_a-nano-reallocr.o)
[...]
Memory Configuration

Name             Origin             Length             Attributes
RAM              0x0000000020000000 0x0000000000020000 xrw
CCMRAM           0x0000000010000000 0x0000000000010000 xrw
FLASH            0x0000000008000000 0x0000000000100000 xr
*default*        0x0000000000000000 0xffffffffffffffff

Linker script and memory map

LOAD /home/gvelardez/ARM_TOOLS/gcc-arm-none-eabi-10.3-2021.10/bin/../lib/gcc/arm-none-eabi/10.3.1/thumb/v7e-m+fp/hard/crti.o
LOAD /home/gvelardez/ARM_TOOLS/gcc-arm-none-eabi-10.3-2021.10/bin/../lib/gcc/arm-none-eabi/10.3.1/thumb/v7e-m+fp/hard/crtbegin.o
LOAD /home/gvelardez/ARM_TOOLS/gcc-arm-none-eabi-10.3-2021.10/bin/../lib/gcc/arm-none-eabi/10.3.1/../../../../arm-none-eabi/lib/thumb/v7e-m+fp/hard/crt0.o
LOAD build/main.o
LOAD build/stm32f4xx_it.o
LOAD build/stm32f4xx_hal_msp.o
LOAD build/fatfs.o
LOAD build/bsp_driver_sd.o
LOAD build/sd_diskio.o
LOAD build/stm32f4xx_hal_rcc.o
LOAD build/stm32f4xx_hal_rcc_ex.o
LOAD build/stm32f4xx_hal_flash.o
LOAD build/stm32f4xx_hal_flash_ex.o
LOAD build/stm32f4xx_hal_flash_ramfunc.o
LOAD build/stm32f4xx_hal_gpio.o
LOAD build/stm32f4xx_hal_dma_ex.o
LOAD build/stm32f4xx_hal_dma.o
LOAD build/stm32f4xx_hal_pwr.o
LOAD build/stm32f4xx_hal_pwr_ex.o
LOAD build/stm32f4xx_hal_cortex.o
LOAD build/stm32f4xx_hal.o
LOAD build/stm32f4xx_hal_exti.o
LOAD build/stm32f4xx_ll_sdmmc.o
LOAD build/stm32f4xx_hal_sd.o
LOAD build/stm32f4xx_hal_tim.o
LOAD build/stm32f4xx_hal_tim_ex.o
LOAD build/stm32f4xx_hal_uart.o
LOAD build/system_stm32f4xx.o
LOAD build/diskio.o
LOAD build/ff.o
LOAD build/ff_gen_drv.o
LOAD build/syscall.o
LOAD build/startup_stm32f407xx.o
LOAD /home/gvelardez/ARM_TOOLS/gcc-arm-none-eabi-10.3-2021.10/bin/../lib/gcc/arm-none-eabi/10.3.1/../../../../arm-none-eabi/lib/thumb/v7e-m+fp/hard/libc_nano.a
LOAD /home/gvelardez/ARM_TOOLS/gcc-arm-none-eabi-10.3-2021.10/bin/../lib/gcc/arm-none-eabi/10.3.1/../../../../arm-none-eabi/lib/thumb/v7e-m+fp/hard/libm.a
LOAD /home/gvelardez/ARM_TOOLS/gcc-arm-none-eabi-10.3-2021.10/bin/../lib/gcc/arm-none-eabi/10.3.1/../../../../arm-none-eabi/lib/thumb/v7e-m+fp/hard/libnosys.a
START GROUP
LOAD /home/gvelardez/ARM_TOOLS/gcc-arm-none-eabi-10.3-2021.10/bin/../lib/gcc/arm-none-eabi/10.3.1/thumb/v7e-m+fp/hard/libgcc.a
LOAD /home/gvelardez/ARM_TOOLS/gcc-arm-none-eabi-10.3-2021.10/bin/../lib/gcc/arm-none-eabi/10.3.1/../../../../arm-none-eabi/lib/thumb/v7e-m+fp/hard/libc_nano.a
END GROUP
START GROUP
LOAD /home/gvelardez/ARM_TOOLS/gcc-arm-none-eabi-10.3-2021.10/bin/../lib/gcc/arm-none-eabi/10.3.1/thumb/v7e-m+fp/hard/libgcc.a
LOAD /home/gvelardez/ARM_TOOLS/gcc-arm-none-eabi-10.3-2021.10/bin/../lib/gcc/arm-none-eabi/10.3.1/../../../../arm-none-eabi/lib/thumb/v7e-m+fp/hard/libc_nano.a
END GROUP
LOAD /home/gvelardez/ARM_TOOLS/gcc-arm-none-eabi-10.3-2021.10/bin/../lib/gcc/arm-none-eabi/10.3.1/thumb/v7e-m+fp/hard/crtend.o
LOAD /home/gvelardez/ARM_TOOLS/gcc-arm-none-eabi-10.3-2021.10/bin/../lib/gcc/arm-none-eabi/10.3.1/thumb/v7e-m+fp/hard/crtn.o
                0x0000000020020000                _estack = (ORIGIN (RAM) + LENGTH (RAM))
                0x0000000000000200                _Min_Heap_Size = 0x200
                0x0000000000000400                _Min_Stack_Size = 0x400

.isr_vector     0x0000000008000000      0x188
                0x0000000008000000                . = ALIGN (0x4)
 *(.isr_vector)
 .isr_vector    0x0000000008000000      0x188 build/startup_stm32f407xx.o
                0x0000000008000000                g_pfnVectors
                0x0000000008000188                . = ALIGN (0x4)

.text           0x0000000008000190     0x463c
                0x0000000008000190                . = ALIGN (0x4)
 *(.text)
 .text          0x0000000008000190       0x40 /home/gvelardez/ARM_TOOLS/gcc-arm-none-eabi-10.3-2021.10/bin/../lib/gcc/arm-none-eabi/10.3.1/thumb/v7e-m+fp/hard/crtbegin.o
 .text          0x00000000080001d0       0x10 /home/gvelardez/ARM_TOOLS/gcc-arm-none-eabi-10.3-2021.10/bin/../lib/gcc/arm-none-eabi/10.3.1/../../../../arm-none-eabi/lib/thumb/v7e-m+fp/hard/libc_nano.a(lib_a-strlen.o)
                0x00000000080001d0                strlen
 .text          0x00000000080001e0       0xa0 /home/gvelardez/ARM_TOOLS/gcc-arm-none-eabi-10.3-2021.10/bin/../lib/gcc/arm-none-eabi/10.3.1/../../../../arm-none-eabi/lib/thumb/v7e-m+fp/hard/libc_nano.a(lib_a-memchr.o)
                0x00000000080001e0                memchr
 .text          0x0000000008000280       0x30 /home/gvelardez/ARM_TOOLS/gcc-arm-none-eabi-10.3-2021.10/bin/../lib/gcc/arm-none-eabi/10.3.1/thumb/v7e-m+fp/hard/libgcc.a(_aeabi_uldivmod.o)
                0x0000000008000280                __aeabi_uldivmod
 .text          0x00000000080002b0      0x2d0 /home/gvelardez/ARM_TOOLS/gcc-arm-none-eabi-10.3-2021.10/bin/../lib/gcc/arm-none-eabi/10.3.1/thumb/v7e-m+fp/hard/libgcc.a(_udivmoddi4.o)
                0x00000000080002b0                __udivmoddi4
 .text          0x0000000008000580        0x4 /home/gvelardez/ARM_TOOLS/gcc-arm-none-eabi-10.3-2021.10/bin/../lib/gcc/arm-none-eabi/10.3.1/thumb/v7e-m+fp/hard/libgcc.a(_dvmd_tls.o)
                0x0000000008000580                __aeabi_ldiv0
                0x0000000008000580                __aeabi_idiv0
 *(.text*)
 .text.MX_SDIO_SD_Init
                0x0000000008000584       0x20 build/main.o
 .text.MX_GPIO_Init
                0x00000000080005a4       0x80 build/main.o
 .text.myprintf
                0x0000000008000624       0x40 build/main.o
                0x0000000008000624                myprintf
 .text.Error_Handler
                0x0000000008000664        0x4 build/main.o
                0x0000000008000664                Error_Handler
 .text.MX_USART2_UART_Init
                0x0000000008000668       0x34 build/main.o
 .text.SystemClock_Config
                0x000000000800069c       0x9c build/main.o
                0x000000000800069c                SystemClock_Config
 .text.main     0x0000000008000738      0x128 build/main.o
                0x0000000008000738                main
 .text.NMI_Handler
                0x0000000008000860        0x2 build/stm32f4xx_it.o
                0x0000000008000860                NMI_Handler
 .text.HardFault_Handler
                0x0000000008000862        0x2 build/stm32f4xx_it.o
                0x0000000008000862                HardFault_Handler
 .text.MemManage_Handler
                0x0000000008000864        0x2 build/stm32f4xx_it.o
                0x0000000008000864                MemManage_Handler
 .text.BusFault_Handler
                0x0000000008000866        0x2 build/stm32f4xx_it.o
                0x0000000008000866                BusFault_Handler
 .text.UsageFault_Handler
                0x0000000008000868        0x2 build/stm32f4xx_it.o
                0x0000000008000868                UsageFault_Handler
 .text.SVC_Handler
                0x000000000800086a        0x2 build/stm32f4xx_it.o
                0x000000000800086a                SVC_Handler
 .text.DebugMon_Handler
                0x000000000800086c        0x2 build/stm32f4xx_it.o
                0x000000000800086c                DebugMon_Handler
 .text.PendSV_Handler
                0x000000000800086e        0x2 build/stm32f4xx_it.o
                0x000000000800086e                PendSV_Handler
 .text.SysTick_Handler
                0x0000000008000870        0x8 build/stm32f4xx_it.o
                0x0000000008000870                SysTick_Handler
 .text.HAL_MspInit
                0x0000000008000878       0x38 build/stm32f4xx_hal_msp.o
                0x0000000008000878                HAL_MspInit
 .text.HAL_SD_MspInit
                0x00000000080008b0       0xa0 build/stm32f4xx_hal_msp.o
                0x00000000080008b0                HAL_SD_MspInit
 .text.HAL_UART_MspInit
                0x0000000008000950       0x70 build/stm32f4xx_hal_msp.o
                0x0000000008000950                HAL_UART_MspInit
 .text.MX_FATFS_Init
                0x00000000080009c0       0x1c build/fatfs.o
                0x00000000080009c0                MX_FATFS_Init
 .text.get_fattime
                0x00000000080009dc        0x4 build/fatfs.o
                0x00000000080009dc                get_fattime
 .text.BSP_SD_ReadBlocks
                0x00000000080009e0       0x20 build/bsp_driver_sd.o
                0x00000000080009e0                BSP_SD_ReadBlocks
 .text.BSP_SD_WriteBlocks
                0x0000000008000a00       0x20 build/bsp_driver_sd.o
                0x0000000008000a00                BSP_SD_WriteBlocks
 .text.BSP_SD_GetCardState
                0x0000000008000a20       0x14 build/bsp_driver_sd.o
                0x0000000008000a20                BSP_SD_GetCardState
 .text.BSP_SD_GetCardInfo
                0x0000000008000a34       0x10 build/bsp_driver_sd.o
                0x0000000008000a34                BSP_SD_GetCardInfo
 .text.BSP_SD_IsDetected
                0x0000000008000a44       0x10 build/bsp_driver_sd.o
                0x0000000008000a44                BSP_SD_IsDetected
 .text.BSP_SD_Init
                0x0000000008000a54       0x1c build/bsp_driver_sd.o
                0x0000000008000a54                BSP_SD_Init
 .text.SD_CheckStatus
                0x0000000008000a70       0x24 build/sd_diskio.o
 .text.SD_initialize
                0x0000000008000a94       0x28 build/sd_diskio.o
                0x0000000008000a94                SD_initialize
 .text.SD_status
                0x0000000008000abc        0x8 build/sd_diskio.o
                0x0000000008000abc                SD_status
 .text.SD_read  0x0000000008000ac4       0x24 build/sd_diskio.o
                0x0000000008000ac4                SD_read
 .text.SD_write
                0x0000000008000ae8       0x24 build/sd_diskio.o
                0x0000000008000ae8                SD_write
 .text.SD_ioctl
                0x0000000008000b0c       0x58 build/sd_diskio.o
                0x0000000008000b0c                SD_ioctl
 .text.HAL_RCC_OscConfig
                0x0000000008000b64      0x3f8 build/stm32f4xx_hal_rcc.o
                0x0000000008000b64                HAL_RCC_OscConfig
 .text.HAL_RCC_GetSysClockFreq
                0x0000000008000f5c       0xa4 build/stm32f4xx_hal_rcc.o
                0x0000000008000f5c                HAL_RCC_GetSysClockFreq
 .text.HAL_RCC_ClockConfig
                0x0000000008001000      0x160 build/stm32f4xx_hal_rcc.o
                0x0000000008001000                HAL_RCC_ClockConfig
 .text.HAL_RCC_GetHCLKFreq
                0x0000000008001160        0xc build/stm32f4xx_hal_rcc.o
                0x0000000008001160                HAL_RCC_GetHCLKFreq
 .text.HAL_RCC_GetPCLK1Freq
                0x000000000800116c       0x20 build/stm32f4xx_hal_rcc.o
                0x000000000800116c                HAL_RCC_GetPCLK1Freq
 .text.HAL_RCC_GetPCLK2Freq
                0x000000000800118c       0x20 build/stm32f4xx_hal_rcc.o
                0x000000000800118c                HAL_RCC_GetPCLK2Freq
 .text.HAL_GPIO_Init
                0x00000000080011ac      0x1e4 build/stm32f4xx_hal_gpio.o
                0x00000000080011ac                HAL_GPIO_Init
 .text.HAL_GPIO_WritePin
                0x0000000008001390        0xc build/stm32f4xx_hal_gpio.o
                0x0000000008001390                HAL_GPIO_WritePin
 .text.HAL_GPIO_TogglePin
                0x000000000800139c       0x12 build/stm32f4xx_hal_gpio.o
                0x000000000800139c                HAL_GPIO_TogglePin
 *fill*         0x00000000080013ae        0x2 
 .text.HAL_NVIC_SetPriorityGrouping
                0x00000000080013b0       0x24 build/stm32f4xx_hal_cortex.o
                0x00000000080013b0                HAL_NVIC_SetPriorityGrouping
 .text.HAL_NVIC_SetPriority
                0x00000000080013d4       0x70 build/stm32f4xx_hal_cortex.o
                0x00000000080013d4                HAL_NVIC_SetPriority
 .text.HAL_SYSTICK_Config
                0x0000000008001444       0x28 build/stm32f4xx_hal_cortex.o
                0x0000000008001444                HAL_SYSTICK_Config
 .text.HAL_InitTick
                0x000000000800146c       0x4c build/stm32f4xx_hal.o
                0x000000000800146c                HAL_InitTick
 .text.HAL_Init
                0x00000000080014b8       0x34 build/stm32f4xx_hal.o
                0x00000000080014b8                HAL_Init
 .text.HAL_IncTick
                0x00000000080014ec       0x18 build/stm32f4xx_hal.o
                0x00000000080014ec                HAL_IncTick
 .text.HAL_GetTick
                0x0000000008001504        0xc build/stm32f4xx_hal.o
                0x0000000008001504                HAL_GetTick
 .text.HAL_Delay
                0x0000000008001510       0x28 build/stm32f4xx_hal.o
                0x0000000008001510                HAL_Delay
 .text.SDMMC_GetCmdError
                0x0000000008001538       0x38 build/stm32f4xx_ll_sdmmc.o
 .text.SDIO_Init
                0x0000000008001570       0x32 build/stm32f4xx_ll_sdmmc.o
                0x0000000008001570                SDIO_Init
 .text.SDIO_ReadFIFO
                0x00000000080015a2        0x6 build/stm32f4xx_ll_sdmmc.o
                0x00000000080015a2                SDIO_ReadFIFO
 .text.SDIO_WriteFIFO
                0x00000000080015a8        0xa build/stm32f4xx_ll_sdmmc.o
                0x00000000080015a8                SDIO_WriteFIFO
 .text.SDIO_PowerState_ON
                0x00000000080015b2        0x8 build/stm32f4xx_ll_sdmmc.o
                0x00000000080015b2                SDIO_PowerState_ON
 .text.SDIO_GetPowerState
                0x00000000080015ba        0x8 build/stm32f4xx_ll_sdmmc.o
                0x00000000080015ba                SDIO_GetPowerState
 .text.SDIO_SendCommand
                0x00000000080015c2       0x24 build/stm32f4xx_ll_sdmmc.o
                0x00000000080015c2                SDIO_SendCommand
 .text.SDIO_GetCommandResponse
                0x00000000080015e6        0x6 build/stm32f4xx_ll_sdmmc.o
                0x00000000080015e6                SDIO_GetCommandResponse
 .text.SDIO_GetResponse
                0x00000000080015ec        0x6 build/stm32f4xx_ll_sdmmc.o
                0x00000000080015ec                SDIO_GetResponse
 .text.SDIO_ConfigData
                0x00000000080015f2       0x24 build/stm32f4xx_ll_sdmmc.o
                0x00000000080015f2                SDIO_ConfigData
 .text.SDMMC_CmdGoIdleState
                0x0000000008001616       0x26 build/stm32f4xx_ll_sdmmc.o
                0x0000000008001616                SDMMC_CmdGoIdleState
 .text.SDMMC_GetCmdResp1
                0x000000000800163c      0x154 build/stm32f4xx_ll_sdmmc.o
                0x000000000800163c                SDMMC_GetCmdResp1
 .text.SDMMC_CmdBlockLength
                0x0000000008001790       0x30 build/stm32f4xx_ll_sdmmc.o
                0x0000000008001790                SDMMC_CmdBlockLength
 .text.SDMMC_CmdReadSingleBlock
                0x00000000080017c0       0x30 build/stm32f4xx_ll_sdmmc.o
                0x00000000080017c0                SDMMC_CmdReadSingleBlock
 .text.SDMMC_CmdReadMultiBlock
                0x00000000080017f0       0x30 build/stm32f4xx_ll_sdmmc.o
                0x00000000080017f0                SDMMC_CmdReadMultiBlock
 .text.SDMMC_CmdWriteSingleBlock
                0x0000000008001820       0x30 build/stm32f4xx_ll_sdmmc.o
                0x0000000008001820                SDMMC_CmdWriteSingleBlock
 .text.SDMMC_CmdWriteMultiBlock
                0x0000000008001850       0x30 build/stm32f4xx_ll_sdmmc.o
                0x0000000008001850                SDMMC_CmdWriteMultiBlock
 .text.SDMMC_CmdStopTransfer
                0x0000000008001880       0x34 build/stm32f4xx_ll_sdmmc.o
                0x0000000008001880                SDMMC_CmdStopTransfer
 .text.SDMMC_CmdSelDesel
                0x00000000080018b4       0x30 build/stm32f4xx_ll_sdmmc.o
                0x00000000080018b4                SDMMC_CmdSelDesel
 .text.SDMMC_CmdAppCommand
                0x00000000080018e4       0x30 build/stm32f4xx_ll_sdmmc.o
                0x00000000080018e4                SDMMC_CmdAppCommand
 .text.SDMMC_CmdSendStatus
                0x0000000008001914       0x30 build/stm32f4xx_ll_sdmmc.o
                0x0000000008001914                SDMMC_CmdSendStatus
 .text.SDMMC_GetCmdResp2
                0x0000000008001944       0x5c build/stm32f4xx_ll_sdmmc.o
                0x0000000008001944                SDMMC_GetCmdResp2
 .text.SDMMC_CmdSendCID
                0x00000000080019a0       0x2a build/stm32f4xx_ll_sdmmc.o
                0x00000000080019a0                SDMMC_CmdSendCID
 .text.SDMMC_CmdSendCSD
                0x00000000080019ca       0x2a build/stm32f4xx_ll_sdmmc.o
                0x00000000080019ca                SDMMC_CmdSendCSD
 .text.SDMMC_GetCmdResp3
                0x00000000080019f4       0x4c build/stm32f4xx_ll_sdmmc.o
                0x00000000080019f4                SDMMC_GetCmdResp3
 .text.SDMMC_CmdAppOperCommand
                0x0000000008001a40       0x32 build/stm32f4xx_ll_sdmmc.o
                0x0000000008001a40                SDMMC_CmdAppOperCommand
 *fill*         0x0000000008001a72        0x2 
 .text.SDMMC_GetCmdResp6
                0x0000000008001a74       0xa0 build/stm32f4xx_ll_sdmmc.o
                0x0000000008001a74                SDMMC_GetCmdResp6
 .text.SDMMC_CmdSetRelAdd
                0x0000000008001b14       0x30 build/stm32f4xx_ll_sdmmc.o
                0x0000000008001b14                SDMMC_CmdSetRelAdd
 .text.SDMMC_GetCmdResp7
                0x0000000008001b44       0x64 build/stm32f4xx_ll_sdmmc.o
                0x0000000008001b44                SDMMC_GetCmdResp7
 .text.SDMMC_CmdOperCond
                0x0000000008001ba8       0x2e build/stm32f4xx_ll_sdmmc.o
                0x0000000008001ba8                SDMMC_CmdOperCond
 *fill*         0x0000000008001bd6        0x2 
 .text.SD_PowerON
                0x0000000008001bd8       0xc0 build/stm32f4xx_hal_sd.o
 .text.SD_SendStatus
                0x0000000008001c98       0x2c build/stm32f4xx_hal_sd.o
 .text.HAL_SD_ReadBlocks
                0x0000000008001cc4      0x248 build/stm32f4xx_hal_sd.o
                0x0000000008001cc4                HAL_SD_ReadBlocks
 .text.HAL_SD_WriteBlocks
                0x0000000008001f0c      0x204 build/stm32f4xx_hal_sd.o
                0x0000000008001f0c                HAL_SD_WriteBlocks
 .text.HAL_SD_GetCardCSD
                0x0000000008002110      0x1b8 build/stm32f4xx_hal_sd.o
                0x0000000008002110                HAL_SD_GetCardCSD
 .text.SD_InitCard
                0x00000000080022c8      0x100 build/stm32f4xx_hal_sd.o
 .text.HAL_SD_InitCard
                0x00000000080023c8       0xa8 build/stm32f4xx_hal_sd.o
                0x00000000080023c8                HAL_SD_InitCard
 .text.HAL_SD_Init
                0x0000000008002470       0x36 build/stm32f4xx_hal_sd.o
                0x0000000008002470                HAL_SD_Init
 .text.HAL_SD_GetCardInfo
                0x00000000080024a6       0x24 build/stm32f4xx_hal_sd.o
                0x00000000080024a6                HAL_SD_GetCardInfo
 .text.HAL_SD_GetCardState
                0x00000000080024ca       0x22 build/stm32f4xx_hal_sd.o
                0x00000000080024ca                HAL_SD_GetCardState
 .text.UART_SetConfig
                0x00000000080024ec      0x110 build/stm32f4xx_hal_uart.o
 .text.UART_WaitOnFlagUntilTimeout
                0x00000000080025fc       0x88 build/stm32f4xx_hal_uart.o
 .text.HAL_UART_Init
                0x0000000008002684       0x5e build/stm32f4xx_hal_uart.o
                0x0000000008002684                HAL_UART_Init
 .text.HAL_UART_Transmit
                0x00000000080026e2       0xd8 build/stm32f4xx_hal_uart.o
                0x00000000080026e2                HAL_UART_Transmit
 *fill*         0x00000000080027ba        0x2 
 .text.SystemInit
                0x00000000080027bc       0x14 build/system_stm32f4xx.o
                0x00000000080027bc                SystemInit
 .text.disk_status
                0x00000000080027d0       0x18 build/diskio.o
                0x00000000080027d0                disk_status
 .text.disk_initialize
                0x00000000080027e8       0x28 build/diskio.o
                0x00000000080027e8                disk_initialize
 .text.disk_read
                0x0000000008002810       0x18 build/diskio.o
                0x0000000008002810                disk_read
 .text.disk_write
                0x0000000008002828       0x18 build/diskio.o
                0x0000000008002828                disk_write
 .text.disk_ioctl
                0x0000000008002840       0x18 build/diskio.o
                0x0000000008002840                disk_ioctl
 .text.ld_word  0x0000000008002858        0xa build/ff.o
 .text.ld_dword
                0x0000000008002862       0x16 build/ff.o
 .text.st_word  0x0000000008002878        0x8 build/ff.o
 .text.st_dword
                0x0000000008002880       0x14 build/ff.o
 .text.mem_cpy  0x0000000008002894       0x14 build/ff.o
 .text.mem_set  0x00000000080028a8        0xa build/ff.o
 .text.mem_cmp  0x00000000080028b2       0x1a build/ff.o
 .text.chk_chr  0x00000000080028cc       0x10 build/ff.o
 .text.chk_lock
                0x00000000080028dc       0x74 build/ff.o
 .text.enq_lock
                0x0000000008002950       0x20 build/ff.o
 .text.inc_lock
                0x0000000008002970       0xa4 build/ff.o
 .text.dec_lock
                0x0000000008002a14       0x40 build/ff.o
 .text.clear_lock
                0x0000000008002a54       0x3c build/ff.o
 .text.clust2sect
                0x0000000008002a90       0x18 build/ff.o
 .text.clmt_clust
                0x0000000008002aa8       0x22 build/ff.o
 .text.ld_clust
                0x0000000008002aca       0x26 build/ff.o
 .text.st_clust
                0x0000000008002af0       0x26 build/ff.o
 *fill*         0x0000000008002b16        0x2 
 .text.create_name
                0x0000000008002b18       0xcc build/ff.o
 .text.get_ldnumber
                0x0000000008002be4       0x54 build/ff.o
 .text.validate
                0x0000000008002c38       0x46 build/ff.o
 .text.sync_window
                0x0000000008002c7e       0x54 build/ff.o
 .text.move_window
                0x0000000008002cd2       0x36 build/ff.o
 .text.check_fs
                0x0000000008002d08       0x78 build/ff.o
 .text.find_volume
                0x0000000008002d80      0x300 build/ff.o
 .text.put_fat  0x0000000008003080      0x10e build/ff.o
 .text.get_fat  0x000000000800318e       0xd0 build/ff.o
 .text.dir_sdi  0x000000000800325e       0xac build/ff.o
 .text.create_chain
                0x000000000800330a       0xcc build/ff.o
 .text.remove_chain
                0x00000000080033d6       0x7e build/ff.o
 .text.dir_next
                0x0000000008003454      0x108 build/ff.o
 .text.dir_find
                0x000000000800355c       0x5a build/ff.o
 .text.follow_path
                0x00000000080035b6       0x8c build/ff.o
 .text.dir_alloc
                0x0000000008003642       0x50 build/ff.o
 .text.dir_register
                0x0000000008003692       0x3e build/ff.o
 .text.sync_fs  0x00000000080036d0       0x8c build/ff.o
 .text.f_mount  0x000000000800375c       0x5c build/ff.o
                0x000000000800375c                f_mount
 .text.f_open   0x00000000080037b8      0x226 build/ff.o
                0x00000000080037b8                f_open
 .text.f_write  0x00000000080039de      0x1fc build/ff.o
                0x00000000080039de                f_write
 .text.f_sync   0x0000000008003bda       0x98 build/ff.o
                0x0000000008003bda                f_sync
 .text.f_close  0x0000000008003c72       0x2a build/ff.o
                0x0000000008003c72                f_close
 .text.f_getfree
                0x0000000008003c9c       0xde build/ff.o
                0x0000000008003c9c                f_getfree
 *fill*         0x0000000008003d7a        0x2 
 .text.FATFS_LinkDriverEx
                0x0000000008003d7c       0x54 build/ff_gen_drv.o
                0x0000000008003d7c                FATFS_LinkDriverEx
 .text.FATFS_LinkDriver
                0x0000000008003dd0        0xa build/ff_gen_drv.o
                0x0000000008003dd0                FATFS_LinkDriver
 *fill*         0x0000000008003dda        0x2 
 .text.Reset_Handler
                0x0000000008003ddc       0x50 build/startup_stm32f407xx.o
                0x0000000008003ddc                Reset_Handler
 .text.Default_Handler
                0x0000000008003e2c        0x2 build/startup_stm32f407xx.o
                0x0000000008003e2c                RTC_Alarm_IRQHandler
                0x0000000008003e2c                HASH_RNG_IRQHandler
                0x0000000008003e2c                EXTI2_IRQHandler
                0x0000000008003e2c                TIM8_CC_IRQHandler
                0x0000000008003e2c                TIM1_CC_IRQHandler
                0x0000000008003e2c                DMA2_Stream5_IRQHandler
                0x0000000008003e2c                DMA1_Stream5_IRQHandler
                0x0000000008003e2c                PVD_IRQHandler
                0x0000000008003e2c                SDIO_IRQHandler
                0x0000000008003e2c                TAMP_STAMP_IRQHandler
                0x0000000008003e2c                CAN2_RX1_IRQHandler
                0x0000000008003e2c                EXTI3_IRQHandler
                0x0000000008003e2c                TIM8_TRG_COM_TIM14_IRQHandler
                0x0000000008003e2c                TIM1_UP_TIM10_IRQHandler
                0x0000000008003e2c                TIM8_UP_TIM13_IRQHandler
                0x0000000008003e2c                I2C3_ER_IRQHandler
                0x0000000008003e2c                EXTI0_IRQHandler
                0x0000000008003e2c                I2C2_EV_IRQHandler
                0x0000000008003e2c                DMA1_Stream2_IRQHandler
                0x0000000008003e2c                CAN1_RX0_IRQHandler
                0x0000000008003e2c                FPU_IRQHandler
                0x0000000008003e2c                OTG_HS_WKUP_IRQHandler
                0x0000000008003e2c                CAN2_SCE_IRQHandler
                0x0000000008003e2c                DMA2_Stream2_IRQHandler
                0x0000000008003e2c                SPI1_IRQHandler
                0x0000000008003e2c                TIM6_DAC_IRQHandler
                0x0000000008003e2c                TIM1_BRK_TIM9_IRQHandler
                0x0000000008003e2c                DCMI_IRQHandler
                0x0000000008003e2c                CAN2_RX0_IRQHandler
                0x0000000008003e2c                DMA2_Stream3_IRQHandler
                0x0000000008003e2c                USART6_IRQHandler
                0x0000000008003e2c                USART3_IRQHandler
                0x0000000008003e2c                CAN1_RX1_IRQHandler
                0x0000000008003e2c                UART5_IRQHandler
                0x0000000008003e2c                DMA2_Stream0_IRQHandler
                0x0000000008003e2c                TIM4_IRQHandler
                0x0000000008003e2c                I2C1_EV_IRQHandler
                0x0000000008003e2c                DMA1_Stream6_IRQHandler
                0x0000000008003e2c                DMA1_Stream1_IRQHandler
                0x0000000008003e2c                UART4_IRQHandler
                0x0000000008003e2c                TIM3_IRQHandler
                0x0000000008003e2c                RCC_IRQHandler
                0x0000000008003e2c                TIM8_BRK_TIM12_IRQHandler
                0x0000000008003e2c                Default_Handler
                0x0000000008003e2c                EXTI15_10_IRQHandler
                0x0000000008003e2c                ADC_IRQHandler
                0x0000000008003e2c                DMA1_Stream7_IRQHandler
                0x0000000008003e2c                TIM7_IRQHandler
                0x0000000008003e2c                CAN2_TX_IRQHandler
                0x0000000008003e2c                TIM5_IRQHandler
                0x0000000008003e2c                DMA2_Stream7_IRQHandler
                0x0000000008003e2c                I2C3_EV_IRQHandler
                0x0000000008003e2c                EXTI9_5_IRQHandler
                0x0000000008003e2c                RTC_WKUP_IRQHandler
                0x0000000008003e2c                ETH_WKUP_IRQHandler
                0x0000000008003e2c                SPI2_IRQHandler
                0x0000000008003e2c                OTG_HS_EP1_IN_IRQHandler
                0x0000000008003e2c                DMA1_Stream0_IRQHandler
                0x0000000008003e2c                CAN1_TX_IRQHandler
                0x0000000008003e2c                EXTI4_IRQHandler
                0x0000000008003e2c                FSMC_IRQHandler
                0x0000000008003e2c                ETH_IRQHandler
                0x0000000008003e2c                OTG_HS_EP1_OUT_IRQHandler
                0x0000000008003e2c                WWDG_IRQHandler
                0x0000000008003e2c                TIM2_IRQHandler
                0x0000000008003e2c                OTG_FS_WKUP_IRQHandler
                0x0000000008003e2c                TIM1_TRG_COM_TIM11_IRQHandler
                0x0000000008003e2c                OTG_HS_IRQHandler
                0x0000000008003e2c                EXTI1_IRQHandler
                0x0000000008003e2c                USART2_IRQHandler
                0x0000000008003e2c                I2C2_ER_IRQHandler
                0x0000000008003e2c                DMA2_Stream1_IRQHandler
                0x0000000008003e2c                CAN1_SCE_IRQHandler
                0x0000000008003e2c                FLASH_IRQHandler
                0x0000000008003e2c                DMA2_Stream4_IRQHandler
                0x0000000008003e2c                USART1_IRQHandler
                0x0000000008003e2c                OTG_FS_IRQHandler
                0x0000000008003e2c                SPI3_IRQHandler
                0x0000000008003e2c                DMA1_Stream4_IRQHandler
                0x0000000008003e2c                I2C1_ER_IRQHandler
                0x0000000008003e2c                DMA2_Stream6_IRQHandler
                0x0000000008003e2c                DMA1_Stream3_IRQHandler
 *fill*         0x0000000008003e2e        0x2 
 .text.__libc_init_array
                0x0000000008003e30       0x48 /home/gvelardez/ARM_TOOLS/gcc-arm-none-eabi-10.3-2021.10/bin/../lib/gcc/arm-none-eabi/10.3.1/../../../../arm-none-eabi/lib/thumb/v7e-m+fp/hard/libc_nano.a(lib_a-init.o)
                0x0000000008003e30                __libc_init_array
 .text.memset   0x0000000008003e78       0x10 /home/gvelardez/ARM_TOOLS/gcc-arm-none-eabi-10.3-2021.10/bin/../lib/gcc/arm-none-eabi/10.3.1/../../../../arm-none-eabi/lib/thumb/v7e-m+fp/hard/libc_nano.a(lib_a-memset.o)
                0x0000000008003e78                memset
 .text._vsnprintf_r
                0x0000000008003e88       0x56 /home/gvelardez/ARM_TOOLS/gcc-arm-none-eabi-10.3-2021.10/bin/../lib/gcc/arm-none-eabi/10.3.1/../../../../arm-none-eabi/lib/thumb/v7e-m+fp/hard/libc_nano.a(lib_a-vsnprintf.o)
                0x0000000008003e88                _vsnprintf_r
                0x0000000008003e88                _vsniprintf_r
 *fill*         0x0000000008003ede        0x2 
 .text.vsnprintf
                0x0000000008003ee0       0x1c /home/gvelardez/ARM_TOOLS/gcc-arm-none-eabi-10.3-2021.10/bin/../lib/gcc/arm-none-eabi/10.3.1/../../../../arm-none-eabi/lib/thumb/v7e-m+fp/hard/libc_nano.a(lib_a-vsnprintf.o)
                0x0000000008003ee0                vsnprintf
                0x0000000008003ee0                vsniprintf
 .text.__ssputs_r
                0x0000000008003efc       0xb6 /home/gvelardez/ARM_TOOLS/gcc-arm-none-eabi-10.3-2021.10/bin/../lib/gcc/arm-none-eabi/10.3.1/../../../../arm-none-eabi/lib/thumb/v7e-m+fp/hard/libc_nano.a(lib_a-nano-svfprintf.o)
                0x0000000008003efc                __ssputs_r
 *fill*         0x0000000008003fb2        0x2 
 .text._svfprintf_r
                0x0000000008003fb4      0x200 /home/gvelardez/ARM_TOOLS/gcc-arm-none-eabi-10.3-2021.10/bin/../lib/gcc/arm-none-eabi/10.3.1/../../../../arm-none-eabi/lib/thumb/v7e-m+fp/hard/libc_nano.a(lib_a-nano-svfprintf.o)
                0x0000000008003fb4                _svfprintf_r
                0x0000000008003fb4                _svfiprintf_r
 .text._printf_common
                0x00000000080041b4       0xda /home/gvelardez/ARM_TOOLS/gcc-arm-none-eabi-10.3-2021.10/bin/../lib/gcc/arm-none-eabi/10.3.1/../../../../arm-none-eabi/lib/thumb/v7e-m+fp/hard/libc_nano.a(lib_a-nano-vfprintf_i.o)
                0x00000000080041b4                _printf_common
 *fill*         0x000000000800428e        0x2 
 .text._printf_i
                0x0000000008004290      0x24c /home/gvelardez/ARM_TOOLS/gcc-arm-none-eabi-10.3-2021.10/bin/../lib/gcc/arm-none-eabi/10.3.1/../../../../arm-none-eabi/lib/thumb/v7e-m+fp/hard/libc_nano.a(lib_a-nano-vfprintf_i.o)
                0x0000000008004290                _printf_i
 .text.memcpy   0x00000000080044dc       0x1c /home/gvelardez/ARM_TOOLS/gcc-arm-none-eabi-10.3-2021.10/bin/../lib/gcc/arm-none-eabi/10.3.1/../../../../arm-none-eabi/lib/thumb/v7e-m+fp/hard/libc_nano.a(lib_a-memcpy-stub.o)
                0x00000000080044dc                memcpy
 .text.memmove  0x00000000080044f8       0x34 /home/gvelardez/ARM_TOOLS/gcc-arm-none-eabi-10.3-2021.10/bin/../lib/gcc/arm-none-eabi/10.3.1/../../../../arm-none-eabi/lib/thumb/v7e-m+fp/hard/libc_nano.a(lib_a-memmove.o)
                0x00000000080044f8                memmove
 .text._free_r  0x000000000800452c       0x98 /home/gvelardez/ARM_TOOLS/gcc-arm-none-eabi-10.3-2021.10/bin/../lib/gcc/arm-none-eabi/10.3.1/../../../../arm-none-eabi/lib/thumb/v7e-m+fp/hard/libc_nano.a(lib_a-nano-freer.o)
                0x000000000800452c                _free_r
 .text.sbrk_aligned
                0x00000000080045c4       0x40 /home/gvelardez/ARM_TOOLS/gcc-arm-none-eabi-10.3-2021.10/bin/../lib/gcc/arm-none-eabi/10.3.1/../../../../arm-none-eabi/lib/thumb/v7e-m+fp/hard/libc_nano.a(lib_a-nano-mallocr.o)
 .text._malloc_r
                0x0000000008004604       0xe8 /home/gvelardez/ARM_TOOLS/gcc-arm-none-eabi-10.3-2021.10/bin/../lib/gcc/arm-none-eabi/10.3.1/../../../../arm-none-eabi/lib/thumb/v7e-m+fp/hard/libc_nano.a(lib_a-nano-mallocr.o)
                0x0000000008004604                _malloc_r
 .text._realloc_r
                0x00000000080046ec       0x5e /home/gvelardez/ARM_TOOLS/gcc-arm-none-eabi-10.3-2021.10/bin/../lib/gcc/arm-none-eabi/10.3.1/../../../../arm-none-eabi/lib/thumb/v7e-m+fp/hard/libc_nano.a(lib_a-nano-reallocr.o)
                0x00000000080046ec                _realloc_r
 *fill*         0x000000000800474a        0x2 
 .text._sbrk_r  0x000000000800474c       0x20 /home/gvelardez/ARM_TOOLS/gcc-arm-none-eabi-10.3-2021.10/bin/../lib/gcc/arm-none-eabi/10.3.1/../../../../arm-none-eabi/lib/thumb/v7e-m+fp/hard/libc_nano.a(lib_a-sbrkr.o)
                0x000000000800474c                _sbrk_r
 .text.__malloc_lock
                0x000000000800476c        0xc /home/gvelardez/ARM_TOOLS/gcc-arm-none-eabi-10.3-2021.10/bin/../lib/gcc/arm-none-eabi/10.3.1/../../../../arm-none-eabi/lib/thumb/v7e-m+fp/hard/libc_nano.a(lib_a-mlock.o)
                0x000000000800476c                __malloc_lock
 .text.__malloc_unlock
                0x0000000008004778        0xc /home/gvelardez/ARM_TOOLS/gcc-arm-none-eabi-10.3-2021.10/bin/../lib/gcc/arm-none-eabi/10.3.1/../../../../arm-none-eabi/lib/thumb/v7e-m+fp/hard/libc_nano.a(lib_a-mlock.o)
                0x0000000008004778                __malloc_unlock
 .text._malloc_usable_size_r
                0x0000000008004784       0x10 /home/gvelardez/ARM_TOOLS/gcc-arm-none-eabi-10.3-2021.10/bin/../lib/gcc/arm-none-eabi/10.3.1/../../../../arm-none-eabi/lib/thumb/v7e-m+fp/hard/libc_nano.a(lib_a-nano-msizer.o)
                0x0000000008004784                _malloc_usable_size_r
 .text.__retarget_lock_acquire_recursive
                0x0000000008004794        0x2 /home/gvelardez/ARM_TOOLS/gcc-arm-none-eabi-10.3-2021.10/bin/../lib/gcc/arm-none-eabi/10.3.1/../../../../arm-none-eabi/lib/thumb/v7e-m+fp/hard/libc_nano.a(lib_a-lock.o)
                0x0000000008004794                __retarget_lock_acquire_recursive
 .text.__retarget_lock_release_recursive
                0x0000000008004796        0x2 /home/gvelardez/ARM_TOOLS/gcc-arm-none-eabi-10.3-2021.10/bin/../lib/gcc/arm-none-eabi/10.3.1/../../../../arm-none-eabi/lib/thumb/v7e-m+fp/hard/libc_nano.a(lib_a-lock.o)
                0x0000000008004796                __retarget_lock_release_recursive
 .text._sbrk    0x0000000008004798       0x1c /home/gvelardez/ARM_TOOLS/gcc-arm-none-eabi-10.3-2021.10/bin/../lib/gcc/arm-none-eabi/10.3.1/../../../../arm-none-eabi/lib/thumb/v7e-m+fp/hard/libnosys.a(sbrk.o)
                0x0000000008004798                _sbrk
 *(.glue_7)
 .glue_7        0x00000000080047b4        0x0 linker stubs
 *(.glue_7t)
 .glue_7t       0x00000000080047b4        0x0 linker stubs
 *(.eh_frame)
 .eh_frame      0x00000000080047b4        0x0 /home/gvelardez/ARM_TOOLS/gcc-arm-none-eabi-10.3-2021.10/bin/../lib/gcc/arm-none-eabi/10.3.1/thumb/v7e-m+fp/hard/crtbegin.o
 *(.init)
 .init          0x00000000080047b4        0x4 /home/gvelardez/ARM_TOOLS/gcc-arm-none-eabi-10.3-2021.10/bin/../lib/gcc/arm-none-eabi/10.3.1/thumb/v7e-m+fp/hard/crti.o
                0x00000000080047b4                _init
 .init          0x00000000080047b8        0x8 /home/gvelardez/ARM_TOOLS/gcc-arm-none-eabi-10.3-2021.10/bin/../lib/gcc/arm-none-eabi/10.3.1/thumb/v7e-m+fp/hard/crtn.o
 *(.fini)
 .fini          0x00000000080047c0        0x4 /home/gvelardez/ARM_TOOLS/gcc-arm-none-eabi-10.3-2021.10/bin/../lib/gcc/arm-none-eabi/10.3.1/thumb/v7e-m+fp/hard/crti.o
                0x00000000080047c0                _fini
 .fini          0x00000000080047c4        0x8 /home/gvelardez/ARM_TOOLS/gcc-arm-none-eabi-10.3-2021.10/bin/../lib/gcc/arm-none-eabi/10.3.1/thumb/v7e-m+fp/hard/crtn.o
                0x00000000080047cc                . = ALIGN (0x4)
                0x00000000080047cc                _etext = .

.vfp11_veneer   0x00000000080047cc        0x0
 .vfp11_veneer  0x00000000080047cc        0x0 linker stubs

.v4_bx          0x00000000080047cc        0x0
 .v4_bx         0x00000000080047cc        0x0 linker stubs

.iplt           0x00000000080047cc        0x0
 .iplt          0x00000000080047cc        0x0 /home/gvelardez/ARM_TOOLS/gcc-arm-none-eabi-10.3-2021.10/bin/../lib/gcc/arm-none-eabi/10.3.1/thumb/v7e-m+fp/hard/crtbegin.o

.rodata         0x00000000080047cc      0x25c
                0x00000000080047cc                . = ALIGN (0x4)
 *(.rodata)
 *(.rodata*)
 .rodata.main.str1.4
                0x00000000080047cc      0x169 build/main.o
                                        0x16d (size before relaxing)
 *fill*         0x0000000008004935        0x3 
 .rodata.SD_Driver
                0x0000000008004938       0x14 build/sd_diskio.o
                0x0000000008004938                SD_Driver
 .rodata.AHBPrescTable
                0x000000000800494c       0x10 build/system_stm32f4xx.o
                0x000000000800494c                AHBPrescTable
 .rodata.APBPrescTable
                0x000000000800495c        0x8 build/system_stm32f4xx.o
                0x000000000800495c                APBPrescTable
 .rodata.create_name.str1.4
                0x0000000008004964        0xf build/ff.o
 *fill*         0x0000000008004973        0x1 
 .rodata.ExCvt  0x0000000008004974       0x80 build/ff.o
 .rodata._svfprintf_r.str1.1
                0x00000000080049f4       0x11 /home/gvelardez/ARM_TOOLS/gcc-arm-none-eabi-10.3-2021.10/bin/../lib/gcc/arm-none-eabi/10.3.1/../../../../arm-none-eabi/lib/thumb/v7e-m+fp/hard/libc_nano.a(lib_a-nano-svfprintf.o)
 .rodata._printf_i.str1.1
                0x0000000008004a05       0x22 /home/gvelardez/ARM_TOOLS/gcc-arm-none-eabi-10.3-2021.10/bin/../lib/gcc/arm-none-eabi/10.3.1/../../../../arm-none-eabi/lib/thumb/v7e-m+fp/hard/libc_nano.a(lib_a-nano-vfprintf_i.o)
                0x0000000008004a28                . = ALIGN (0x4)
 *fill*         0x0000000008004a27        0x1 

.ARM.extab
 *(.ARM.extab* .gnu.linkonce.armextab.*)

.ARM            0x0000000008004a28        0x8
                0x0000000008004a28                __exidx_start = .
 *(.ARM.exidx*)
 .ARM.exidx     0x0000000008004a28        0x8 /home/gvelardez/ARM_TOOLS/gcc-arm-none-eabi-10.3-2021.10/bin/../lib/gcc/arm-none-eabi/10.3.1/thumb/v7e-m+fp/hard/libgcc.a(_udivmoddi4.o)
                0x0000000008004a30                __exidx_end = .

.rel.dyn        0x0000000008004a30        0x0
 .rel.iplt      0x0000000008004a30        0x0 /home/gvelardez/ARM_TOOLS/gcc-arm-none-eabi-10.3-2021.10/bin/../lib/gcc/arm-none-eabi/10.3.1/thumb/v7e-m+fp/hard/crtbegin.o

.preinit_array  0x0000000008004a30        0x0
                0x0000000008004a30                PROVIDE (__preinit_array_start = .)
 *(.preinit_array*)
                0x0000000008004a30                PROVIDE (__preinit_array_end = .)

.init_array     0x0000000008004a30        0x4
                0x0000000008004a30                PROVIDE (__init_array_start = .)
 *(SORT_BY_NAME(.init_array.*))
 *(.init_array*)
 .init_array    0x0000000008004a30        0x4 /home/gvelardez/ARM_TOOLS/gcc-arm-none-eabi-10.3-2021.10/bin/../lib/gcc/arm-none-eabi/10.3.1/thumb/v7e-m+fp/hard/crtbegin.o
                0x0000000008004a34                PROVIDE (__init_array_end = .)

.fini_array     0x0000000008004a34        0x4
                [!provide]                        PROVIDE (__fini_array_start = .)
 *(SORT_BY_NAME(.fini_array.*))
 *(.fini_array*)
 .fini_array    0x0000000008004a34        0x4 /home/gvelardez/ARM_TOOLS/gcc-arm-none-eabi-10.3-2021.10/bin/../lib/gcc/arm-none-eabi/10.3.1/thumb/v7e-m+fp/hard/crtbegin.o
                [!provide]                        PROVIDE (__fini_array_end = .)
                0x0000000008004a38                _sidata = LOADADDR (.data)

.data           0x0000000020000000       0x70 load address 0x0000000008004a38
                0x0000000020000000                . = ALIGN (0x4)
                0x0000000020000000                _sdata = .
 *(.data)
 *(.data*)
 .data.Stat     0x0000000020000000        0x1 build/sd_diskio.o
 .data.uwTickFreq
                0x0000000020000001        0x1 build/stm32f4xx_hal.o
                0x0000000020000001                uwTickFreq
 *fill*         0x0000000020000002        0x2 
 .data.uwTickPrio
                0x0000000020000004        0x4 build/stm32f4xx_hal.o
                0x0000000020000004                uwTickPrio
 .data.SystemCoreClock
                0x0000000020000008        0x4 build/system_stm32f4xx.o
                0x0000000020000008                SystemCoreClock
 .data._impure_ptr
                0x000000002000000c        0x4 /home/gvelardez/ARM_TOOLS/gcc-arm-none-eabi-10.3-2021.10/bin/../lib/gcc/arm-none-eabi/10.3.1/../../../../arm-none-eabi/lib/thumb/v7e-m+fp/hard/libc_nano.a(lib_a-impure.o)
                0x000000002000000c                _impure_ptr
 .data.impure_data
                0x0000000020000010       0x60 /home/gvelardez/ARM_TOOLS/gcc-arm-none-eabi-10.3-2021.10/bin/../lib/gcc/arm-none-eabi/10.3.1/../../../../arm-none-eabi/lib/thumb/v7e-m+fp/hard/libc_nano.a(lib_a-impure.o)
                0x0000000020000070                . = ALIGN (0x4)
                0x0000000020000070                _edata = .
                0x0000000008004aa8                _siccmram = LOADADDR (.ccmram)

.igot.plt       0x0000000020000070        0x0 load address 0x0000000008004aa8
 .igot.plt      0x0000000020000070        0x0 /home/gvelardez/ARM_TOOLS/gcc-arm-none-eabi-10.3-2021.10/bin/../lib/gcc/arm-none-eabi/10.3.1/thumb/v7e-m+fp/hard/crtbegin.o

.ccmram         0x0000000010000000        0x0 load address 0x0000000008004aa8
                0x0000000010000000                . = ALIGN (0x4)
                0x0000000010000000                _sccmram = .
 *(.ccmram)
 *(.ccmram*)
                0x0000000010000000                . = ALIGN (0x4)
                0x0000000010000000                _eccmram = .
                0x0000000010000000                . = ALIGN (0x4)

.bss            0x0000000020000070      0x19c
                0x0000000020000070                _sbss = .
                0x0000000020000070                __bss_start__ = _sbss
 *(.bss)
 .bss           0x0000000020000070       0x1c /home/gvelardez/ARM_TOOLS/gcc-arm-none-eabi-10.3-2021.10/bin/../lib/gcc/arm-none-eabi/10.3.1/thumb/v7e-m+fp/hard/crtbegin.o
 *(.bss*)
 .bss.buffer    0x000000002000008c       0x64 build/main.o
                0x000000002000008c                buffer
 .bss.hsd       0x00000000200000f0       0x84 build/main.o
                0x00000000200000f0                hsd
 .bss.huart2    0x0000000020000174       0x44 build/main.o
                0x0000000020000174                huart2
 .bss.SDPath    0x00000000200001b8        0x4 build/fatfs.o
                0x00000000200001b8                SDPath
 .bss.retSD     0x00000000200001bc        0x1 build/fatfs.o
                0x00000000200001bc                retSD
 *fill*         0x00000000200001bd        0x3 
 .bss.uwTick    0x00000000200001c0        0x4 build/stm32f4xx_hal.o
                0x00000000200001c0                uwTick
 .bss.FatFs     0x00000000200001c4        0x4 build/ff.o
 .bss.Files     0x00000000200001c8       0x20 build/ff.o
 .bss.Fsid      0x00000000200001e8        0x2 build/ff.o
 *fill*         0x00000000200001ea        0x2 
 .bss.disk      0x00000000200001ec        0xc build/ff_gen_drv.o
                0x00000000200001ec                disk
 .bss.__malloc_free_list
                0x00000000200001f8        0x4 /home/gvelardez/ARM_TOOLS/gcc-arm-none-eabi-10.3-2021.10/bin/../lib/gcc/arm-none-eabi/10.3.1/../../../../arm-none-eabi/lib/thumb/v7e-m+fp/hard/libc_nano.a(lib_a-nano-mallocr.o)
                0x00000000200001f8                __malloc_free_list
 .bss.__malloc_sbrk_start
                0x00000000200001fc        0x4 /home/gvelardez/ARM_TOOLS/gcc-arm-none-eabi-10.3-2021.10/bin/../lib/gcc/arm-none-eabi/10.3.1/../../../../arm-none-eabi/lib/thumb/v7e-m+fp/hard/libc_nano.a(lib_a-nano-mallocr.o)
                0x00000000200001fc                __malloc_sbrk_start
 .bss.errno     0x0000000020000200        0x4 /home/gvelardez/ARM_TOOLS/gcc-arm-none-eabi-10.3-2021.10/bin/../lib/gcc/arm-none-eabi/10.3.1/../../../../arm-none-eabi/lib/thumb/v7e-m+fp/hard/libc_nano.a(lib_a-reent.o)
                0x0000000020000200                errno
 .bss.__lock___malloc_recursive_mutex
                0x0000000020000204        0x1 /home/gvelardez/ARM_TOOLS/gcc-arm-none-eabi-10.3-2021.10/bin/../lib/gcc/arm-none-eabi/10.3.1/../../../../arm-none-eabi/lib/thumb/v7e-m+fp/hard/libc_nano.a(lib_a-lock.o)
                0x0000000020000204                __lock___malloc_recursive_mutex
 *fill*         0x0000000020000205        0x3 
 .bss.heap_end.0
                0x0000000020000208        0x4 /home/gvelardez/ARM_TOOLS/gcc-arm-none-eabi-10.3-2021.10/bin/../lib/gcc/arm-none-eabi/10.3.1/../../../../arm-none-eabi/lib/thumb/v7e-m+fp/hard/libnosys.a(sbrk.o)
 *(COMMON)
                0x000000002000020c                . = ALIGN (0x4)
                0x000000002000020c                _ebss = .
                0x000000002000020c                __bss_end__ = _ebss

._user_heap_stack
                0x000000002000020c      0x604
                0x0000000020000210                . = ALIGN (0x8)
 *fill*         0x000000002000020c        0x4 
                0x0000000020000210                PROVIDE (end = .)
                [!provide]                        PROVIDE (_end = .)
                0x0000000020000410                . = (. + _Min_Heap_Size)
 *fill*         0x0000000020000210      0x200 
                0x0000000020000810                . = (. + _Min_Stack_Size)
 *fill*         0x0000000020000410      0x400 
                0x0000000020000810                . = ALIGN (0x8)

/DISCARD/
 libc.a(*)
 libm.a(*)
 libgcc.a(*)

.ARM.attributes
                0x0000000000000000       0x30
 *(.ARM.attributes)
 .ARM.attributes
                0x0000000000000000       0x1e /home/gvelardez/ARM_TOOLS/gcc-arm-none-eabi-10.3-2021.10/bin/../lib/gcc/arm-none-eabi/10.3.1/thumb/v7e-m+fp/hard/crti.o
 .ARM.attributes
                0x000000000000001e       0x34 /home/gvelardez/ARM_TOOLS/gcc-arm-none-eabi-10.3-2021.10/bin/../lib/gcc/arm-none-eabi/10.3.1/thumb/v7e-m+fp/hard/crtbegin.o
 .ARM.attributes
                0x0000000000000052       0x34 build/main.o
 .ARM.attributes
                0x0000000000000086       0x34 build/stm32f4xx_it.o
 .ARM.attributes
                0x00000000000000ba       0x34 build/stm32f4xx_hal_msp.o
 .ARM.attributes
                0x00000000000000ee       0x34 build/fatfs.o
 .ARM.attributes
                0x0000000000000122       0x34 build/bsp_driver_sd.o
 .ARM.attributes
                0x0000000000000156       0x34 build/sd_diskio.o
 .ARM.attributes
                0x000000000000018a       0x34 build/stm32f4xx_hal_rcc.o
 .ARM.attributes
                0x00000000000001be       0x34 build/stm32f4xx_hal_gpio.o
 .ARM.attributes
                0x00000000000001f2       0x34 build/stm32f4xx_hal_cortex.o
 .ARM.attributes
                0x0000000000000226       0x34 build/stm32f4xx_hal.o
 .ARM.attributes
                0x000000000000025a       0x34 build/stm32f4xx_ll_sdmmc.o
 .ARM.attributes
                0x000000000000028e       0x34 build/stm32f4xx_hal_sd.o
 .ARM.attributes
                0x00000000000002c2       0x34 build/stm32f4xx_hal_uart.o
 .ARM.attributes
                0x00000000000002f6       0x34 build/system_stm32f4xx.o
 .ARM.attributes
                0x000000000000032a       0x34 build/diskio.o
 .ARM.attributes
                0x000000000000035e       0x34 build/ff.o
 .ARM.attributes
                0x0000000000000392       0x34 build/ff_gen_drv.o
 .ARM.attributes
                0x00000000000003c6       0x21 build/startup_stm32f407xx.o
 .ARM.attributes
                0x00000000000003e7       0x34 /home/gvelardez/ARM_TOOLS/gcc-arm-none-eabi-10.3-2021.10/bin/../lib/gcc/arm-none-eabi/10.3.1/../../../../arm-none-eabi/lib/thumb/v7e-m+fp/hard/libc_nano.a(lib_a-impure.o)
 .ARM.attributes
                0x000000000000041b       0x34 /home/gvelardez/ARM_TOOLS/gcc-arm-none-eabi-10.3-2021.10/bin/../lib/gcc/arm-none-eabi/10.3.1/../../../../arm-none-eabi/lib/thumb/v7e-m+fp/hard/libc_nano.a(lib_a-init.o)
 .ARM.attributes
                0x000000000000044f       0x34 /home/gvelardez/ARM_TOOLS/gcc-arm-none-eabi-10.3-2021.10/bin/../lib/gcc/arm-none-eabi/10.3.1/../../../../arm-none-eabi/lib/thumb/v7e-m+fp/hard/libc_nano.a(lib_a-memset.o)
 .ARM.attributes
                0x0000000000000483       0x17 /home/gvelardez/ARM_TOOLS/gcc-arm-none-eabi-10.3-2021.10/bin/../lib/gcc/arm-none-eabi/10.3.1/../../../../arm-none-eabi/lib/thumb/v7e-m+fp/hard/libc_nano.a(lib_a-strlen.o)
 .ARM.attributes
                0x000000000000049a       0x34 /home/gvelardez/ARM_TOOLS/gcc-arm-none-eabi-10.3-2021.10/bin/../lib/gcc/arm-none-eabi/10.3.1/../../../../arm-none-eabi/lib/thumb/v7e-m+fp/hard/libc_nano.a(lib_a-vsnprintf.o)
 .ARM.attributes
                0x00000000000004ce       0x34 /home/gvelardez/ARM_TOOLS/gcc-arm-none-eabi-10.3-2021.10/bin/../lib/gcc/arm-none-eabi/10.3.1/../../../../arm-none-eabi/lib/thumb/v7e-m+fp/hard/libc_nano.a(lib_a-nano-svfprintf.o)
 .ARM.attributes
                0x0000000000000502       0x34 /home/gvelardez/ARM_TOOLS/gcc-arm-none-eabi-10.3-2021.10/bin/../lib/gcc/arm-none-eabi/10.3.1/../../../../arm-none-eabi/lib/thumb/v7e-m+fp/hard/libc_nano.a(lib_a-nano-vfprintf_i.o)
 .ARM.attributes
                0x0000000000000536       0x1c /home/gvelardez/ARM_TOOLS/gcc-arm-none-eabi-10.3-2021.10/bin/../lib/gcc/arm-none-eabi/10.3.1/../../../../arm-none-eabi/lib/thumb/v7e-m+fp/hard/libc_nano.a(lib_a-memchr.o)
 .ARM.attributes
                0x0000000000000552       0x34 /home/gvelardez/ARM_TOOLS/gcc-arm-none-eabi-10.3-2021.10/bin/../lib/gcc/arm-none-eabi/10.3.1/../../../../arm-none-eabi/lib/thumb/v7e-m+fp/hard/libc_nano.a(lib_a-memcpy-stub.o)
 .ARM.attributes
                0x0000000000000586       0x34 /home/gvelardez/ARM_TOOLS/gcc-arm-none-eabi-10.3-2021.10/bin/../lib/gcc/arm-none-eabi/10.3.1/../../../../arm-none-eabi/lib/thumb/v7e-m+fp/hard/libc_nano.a(lib_a-memmove.o)
 .ARM.attributes
                0x00000000000005ba       0x34 /home/gvelardez/ARM_TOOLS/gcc-arm-none-eabi-10.3-2021.10/bin/../lib/gcc/arm-none-eabi/10.3.1/../../../../arm-none-eabi/lib/thumb/v7e-m+fp/hard/libc_nano.a(lib_a-nano-freer.o)
 .ARM.attributes
                0x00000000000005ee       0x34 /home/gvelardez/ARM_TOOLS/gcc-arm-none-eabi-10.3-2021.10/bin/../lib/gcc/arm-none-eabi/10.3.1/../../../../arm-none-eabi/lib/thumb/v7e-m+fp/hard/libc_nano.a(lib_a-nano-mallocr.o)
 .ARM.attributes
                0x0000000000000622       0x34 /home/gvelardez/ARM_TOOLS/gcc-arm-none-eabi-10.3-2021.10/bin/../lib/gcc/arm-none-eabi/10.3.1/../../../../arm-none-eabi/lib/thumb/v7e-m+fp/hard/libc_nano.a(lib_a-nano-reallocr.o)
 .ARM.attributes
                0x0000000000000656       0x34 /home/gvelardez/ARM_TOOLS/gcc-arm-none-eabi-10.3-2021.10/bin/../lib/gcc/arm-none-eabi/10.3.1/../../../../arm-none-eabi/lib/thumb/v7e-m+fp/hard/libc_nano.a(lib_a-sbrkr.o)
 .ARM.attributes
                0x000000000000068a       0x34 /home/gvelardez/ARM_TOOLS/gcc-arm-none-eabi-10.3-2021.10/bin/../lib/gcc/arm-none-eabi/10.3.1/../../../../arm-none-eabi/lib/thumb/v7e-m+fp/hard/libc_nano.a(lib_a-mlock.o)
 .ARM.attributes
                0x00000000000006be       0x34 /home/gvelardez/ARM_TOOLS/gcc-arm-none-eabi-10.3-2021.10/bin/../lib/gcc/arm-none-eabi/10.3.1/../../../../arm-none-eabi/lib/thumb/v7e-m+fp/hard/libc_nano.a(lib_a-nano-msizer.o)
 .ARM.attributes
                0x00000000000006f2       0x34 /home/gvelardez/ARM_TOOLS/gcc-arm-none-eabi-10.3-2021.10/bin/../lib/gcc/arm-none-eabi/10.3.1/../../../../arm-none-eabi/lib/thumb/v7e-m+fp/hard/libc_nano.a(lib_a-reent.o)
 .ARM.attributes
                0x0000000000000726       0x34 /home/gvelardez/ARM_TOOLS/gcc-arm-none-eabi-10.3-2021.10/bin/../lib/gcc/arm-none-eabi/10.3.1/../../../../arm-none-eabi/lib/thumb/v7e-m+fp/hard/libc_nano.a(lib_a-lock.o)
 .ARM.attributes
                0x000000000000075a       0x34 /home/gvelardez/ARM_TOOLS/gcc-arm-none-eabi-10.3-2021.10/bin/../lib/gcc/arm-none-eabi/10.3.1/../../../../arm-none-eabi/lib/thumb/v7e-m+fp/hard/libnosys.a(sbrk.o)
 .ARM.attributes
                0x000000000000078e       0x1e /home/gvelardez/ARM_TOOLS/gcc-arm-none-eabi-10.3-2021.10/bin/../lib/gcc/arm-none-eabi/10.3.1/thumb/v7e-m+fp/hard/libgcc.a(_aeabi_uldivmod.o)
 .ARM.attributes
                0x00000000000007ac       0x34 /home/gvelardez/ARM_TOOLS/gcc-arm-none-eabi-10.3-2021.10/bin/../lib/gcc/arm-none-eabi/10.3.1/thumb/v7e-m+fp/hard/libgcc.a(_udivmoddi4.o)
 .ARM.attributes
                0x00000000000007e0       0x1e /home/gvelardez/ARM_TOOLS/gcc-arm-none-eabi-10.3-2021.10/bin/../lib/gcc/arm-none-eabi/10.3.1/thumb/v7e-m+fp/hard/libgcc.a(_dvmd_tls.o)
 .ARM.attributes
                0x00000000000007fe       0x1e /home/gvelardez/ARM_TOOLS/gcc-arm-none-eabi-10.3-2021.10/bin/../lib/gcc/arm-none-eabi/10.3.1/thumb/v7e-m+fp/hard/crtn.o
OUTPUT(build/sdio_sd.elf elf32-littlearm)
LOAD linker stubs
LOAD /home/gvelardez/ARM_TOOLS/gcc-arm-none-eabi-10.3-2021.10/bin/../lib/gcc/arm-none-eabi/10.3.1/../../../../arm-none-eabi/lib/thumb/v7e-m+fp/hard/libc.a
LOAD /home/gvelardez/ARM_TOOLS/gcc-arm-none-eabi-10.3-2021.10/bin/../lib/gcc/arm-none-eabi/10.3.1/../../../../arm-none-eabi/lib/thumb/v7e-m+fp/hard/libm.a
LOAD /home/gvelardez/ARM_TOOLS/gcc-arm-none-eabi-10.3-2021.10/bin/../lib/gcc/arm-none-eabi/10.3.1/thumb/v7e-m+fp/hard/libgcc.a

.debug_info     0x0000000000000000    0x14ff4
 .debug_info    0x0000000000000000     0x192b build/main.o
 .debug_info    0x000000000000192b      0x15a build/stm32f4xx_it.o
 .debug_info    0x0000000000001a85      0xf81 build/stm32f4xx_hal_msp.o
 .debug_info    0x0000000000002a06      0x560 build/fatfs.o
 .debug_info    0x0000000000002f66      0xcf6 build/bsp_driver_sd.o
 .debug_info    0x0000000000003c5c      0x60c build/sd_diskio.o
 .debug_info    0x0000000000004268      0xbe6 build/stm32f4xx_hal_rcc.o
 .debug_info    0x0000000000004e4e      0x848 build/stm32f4xx_hal_gpio.o
 .debug_info    0x0000000000005696     0x1174 build/stm32f4xx_hal_cortex.o
 .debug_info    0x000000000000680a      0xacf build/stm32f4xx_hal.o
 .debug_info    0x00000000000072d9     0x1b06 build/stm32f4xx_ll_sdmmc.o
 .debug_info    0x0000000000008ddf     0x286b build/stm32f4xx_hal_sd.o
 .debug_info    0x000000000000b64a     0x43e7 build/stm32f4xx_hal_uart.o
 .debug_info    0x000000000000fa31      0x5b3 build/system_stm32f4xx.o
 .debug_info    0x000000000000ffe4      0x4ed build/diskio.o
 .debug_info    0x00000000000104d1     0x46c1 build/ff.o
 .debug_info    0x0000000000014b92      0x440 build/ff_gen_drv.o
 .debug_info    0x0000000000014fd2       0x22 build/startup_stm32f407xx.o

.debug_abbrev   0x0000000000000000     0x24f1
 .debug_abbrev  0x0000000000000000      0x332 build/main.o
 .debug_abbrev  0x0000000000000332       0x81 build/stm32f4xx_it.o
 .debug_abbrev  0x00000000000003b3      0x1ba build/stm32f4xx_hal_msp.o
 .debug_abbrev  0x000000000000056d      0x16f build/fatfs.o
 .debug_abbrev  0x00000000000006dc      0x257 build/bsp_driver_sd.o
 .debug_abbrev  0x0000000000000933      0x193 build/sd_diskio.o
 .debug_abbrev  0x0000000000000ac6      0x2aa build/stm32f4xx_hal_rcc.o
 .debug_abbrev  0x0000000000000d70      0x22b build/stm32f4xx_hal_gpio.o
 .debug_abbrev  0x0000000000000f9b      0x382 build/stm32f4xx_hal_cortex.o
 .debug_abbrev  0x000000000000131d      0x209 build/stm32f4xx_hal.o
 .debug_abbrev  0x0000000000001526      0x236 build/stm32f4xx_ll_sdmmc.o
 .debug_abbrev  0x000000000000175c      0x2d1 build/stm32f4xx_hal_sd.o
 .debug_abbrev  0x0000000000001a2d      0x356 build/stm32f4xx_hal_uart.o
 .debug_abbrev  0x0000000000001d83      0x11b build/system_stm32f4xx.o
 .debug_abbrev  0x0000000000001e9e      0x1b9 build/diskio.o
 .debug_abbrev  0x0000000000002057      0x2bf build/ff.o
 .debug_abbrev  0x0000000000002316      0x1c9 build/ff_gen_drv.o
 .debug_abbrev  0x00000000000024df       0x12 build/startup_stm32f407xx.o

.debug_loc      0x0000000000000000    0x11906
 .debug_loc     0x0000000000000000      0x215 build/main.o
 .debug_loc     0x0000000000000215       0x20 build/stm32f4xx_it.o
 .debug_loc     0x0000000000000235      0x1fc build/stm32f4xx_hal_msp.o
 .debug_loc     0x0000000000000431       0x20 build/fatfs.o
 .debug_loc     0x0000000000000451      0x65f build/bsp_driver_sd.o
 .debug_loc     0x0000000000000ab0      0x4d1 build/sd_diskio.o
 .debug_loc     0x0000000000000f81      0x6e4 build/stm32f4xx_hal_rcc.o
 .debug_loc     0x0000000000001665      0x5e8 build/stm32f4xx_hal_gpio.o
 .debug_loc     0x0000000000001c4d      0x7a4 build/stm32f4xx_hal_cortex.o
 .debug_loc     0x00000000000023f1      0x1e1 build/stm32f4xx_hal.o
 .debug_loc     0x00000000000025d2     0x1767 build/stm32f4xx_ll_sdmmc.o
 .debug_loc     0x0000000000003d39     0x27b9 build/stm32f4xx_hal_sd.o
 .debug_loc     0x00000000000064f2     0x4fef build/stm32f4xx_hal_uart.o
 .debug_loc     0x000000000000b4e1      0x158 build/system_stm32f4xx.o
 .debug_loc     0x000000000000b639      0x323 build/diskio.o
 .debug_loc     0x000000000000b95c     0x5c99 build/ff.o
 .debug_loc     0x00000000000115f5      0x311 build/ff_gen_drv.o

.debug_aranges  0x0000000000000000      0xc48
 .debug_aranges
                0x0000000000000000       0x50 build/main.o
 .debug_aranges
                0x0000000000000050       0x60 build/stm32f4xx_it.o
 .debug_aranges
                0x00000000000000b0       0x40 build/stm32f4xx_hal_msp.o
 .debug_aranges
                0x00000000000000f0       0x28 build/fatfs.o
 .debug_aranges
                0x0000000000000118       0xa0 build/bsp_driver_sd.o
 .debug_aranges
                0x00000000000001b8       0x48 build/sd_diskio.o
 .debug_aranges
                0x0000000000000200       0x88 build/stm32f4xx_hal_rcc.o
 .debug_aranges
                0x0000000000000288       0x58 build/stm32f4xx_hal_gpio.o
 .debug_aranges
                0x00000000000002e0       0xa8 build/stm32f4xx_hal_cortex.o
 .debug_aranges
                0x0000000000000388       0xf0 build/stm32f4xx_hal.o
 .debug_aranges
                0x0000000000000478      0x188 build/stm32f4xx_ll_sdmmc.o
 .debug_aranges
                0x0000000000000600      0x168 build/stm32f4xx_hal_sd.o
 .debug_aranges
                0x0000000000000768      0x200 build/stm32f4xx_hal_uart.o
 .debug_aranges
                0x0000000000000968       0x28 build/system_stm32f4xx.o
 .debug_aranges
                0x0000000000000990       0x48 build/diskio.o
 .debug_aranges
                0x00000000000009d8      0x208 build/ff.o
 .debug_aranges
                0x0000000000000be0       0x40 build/ff_gen_drv.o
 .debug_aranges
                0x0000000000000c20       0x28 build/startup_stm32f407xx.o

.debug_ranges   0x0000000000000000      0xbc0
 .debug_ranges  0x0000000000000000       0x40 build/main.o
 .debug_ranges  0x0000000000000040       0x50 build/stm32f4xx_it.o
 .debug_ranges  0x0000000000000090       0x30 build/stm32f4xx_hal_msp.o
 .debug_ranges  0x00000000000000c0       0x18 build/fatfs.o
 .debug_ranges  0x00000000000000d8       0x90 build/bsp_driver_sd.o
 .debug_ranges  0x0000000000000168       0x38 build/sd_diskio.o
 .debug_ranges  0x00000000000001a0       0x90 build/stm32f4xx_hal_rcc.o
 .debug_ranges  0x0000000000000230       0x48 build/stm32f4xx_hal_gpio.o
 .debug_ranges  0x0000000000000278       0xf8 build/stm32f4xx_hal_cortex.o
 .debug_ranges  0x0000000000000370       0xe0 build/stm32f4xx_hal.o
 .debug_ranges  0x0000000000000450      0x178 build/stm32f4xx_ll_sdmmc.o
 .debug_ranges  0x00000000000005c8      0x158 build/stm32f4xx_hal_sd.o
 .debug_ranges  0x0000000000000720      0x208 build/stm32f4xx_hal_uart.o
 .debug_ranges  0x0000000000000928       0x18 build/system_stm32f4xx.o
 .debug_ranges  0x0000000000000940       0x38 build/diskio.o
 .debug_ranges  0x0000000000000978      0x1f8 build/ff.o
 .debug_ranges  0x0000000000000b70       0x30 build/ff_gen_drv.o
 .debug_ranges  0x0000000000000ba0       0x20 build/startup_stm32f407xx.o

.debug_line     0x0000000000000000     0xf9d7
 .debug_line    0x0000000000000000      0x689 build/main.o
 .debug_line    0x0000000000000689      0x177 build/stm32f4xx_it.o
 .debug_line    0x0000000000000800      0x36f build/stm32f4xx_hal_msp.o
 .debug_line    0x0000000000000b6f      0x1ad build/fatfs.o
 .debug_line    0x0000000000000d1c      0x3ef build/bsp_driver_sd.o
 .debug_line    0x000000000000110b      0x33a build/sd_diskio.o
 .debug_line    0x0000000000001445      0xb1b build/stm32f4xx_hal_rcc.o
 .debug_line    0x0000000000001f60      0x6ed build/stm32f4xx_hal_gpio.o
 .debug_line    0x000000000000264d      0x784 build/stm32f4xx_hal_cortex.o
 .debug_line    0x0000000000002dd1      0x571 build/stm32f4xx_hal.o
 .debug_line    0x0000000000003342     0x10ef build/stm32f4xx_ll_sdmmc.o
 .debug_line    0x0000000000004431     0x2726 build/stm32f4xx_hal_sd.o
 .debug_line    0x0000000000006b57     0x45fa build/stm32f4xx_hal_uart.o
 .debug_line    0x000000000000b151      0x25c build/system_stm32f4xx.o
 .debug_line    0x000000000000b3ad      0x249 build/diskio.o
 .debug_line    0x000000000000b5f6     0x40e0 build/ff.o
 .debug_line    0x000000000000f6d6      0x28b build/ff_gen_drv.o
 .debug_line    0x000000000000f961       0x76 build/startup_stm32f407xx.o

.debug_str      0x0000000000000000     0x3831
 .debug_str     0x0000000000000000      0xda6 build/main.o
                                        0xe97 (size before relaxing)
 .debug_str     0x0000000000000da6       0xb4 build/stm32f4xx_it.o
                                        0x21a (size before relaxing)
 .debug_str     0x0000000000000e5a       0x83 build/stm32f4xx_hal_msp.o
                                        0x9bf (size before relaxing)
 .debug_str     0x0000000000000edd       0xe4 build/fatfs.o
                                        0x35e (size before relaxing)
 .debug_str     0x0000000000000fc1      0x23a build/bsp_driver_sd.o
                                        0x8a0 (size before relaxing)
 .debug_str     0x00000000000011fb       0x6c build/sd_diskio.o
                                        0x37a (size before relaxing)
 .debug_str     0x0000000000001267      0x250 build/stm32f4xx_hal_rcc.o
                                        0x6f1 (size before relaxing)
 .debug_str     0x00000000000014b7      0x112 build/stm32f4xx_hal_gpio.o
                                        0x4cb (size before relaxing)
 .debug_str     0x00000000000015c9      0x9fa build/stm32f4xx_hal_cortex.o
                                        0xc17 (size before relaxing)
 .debug_str     0x0000000000001fc3      0x295 build/stm32f4xx_hal.o
                                        0xb45 (size before relaxing)
 .debug_str     0x0000000000002258      0x4c0 build/stm32f4xx_ll_sdmmc.o
                                        0x7e7 (size before relaxing)
 .debug_str     0x0000000000002718      0x650 build/stm32f4xx_hal_sd.o
                                       0x10c5 (size before relaxing)
 .debug_str     0x0000000000002d68      0x5e9 build/stm32f4xx_hal_uart.o
                                        0xd44 (size before relaxing)
 .debug_str     0x0000000000003351       0x47 build/system_stm32f4xx.o
                                        0x360 (size before relaxing)
 .debug_str     0x0000000000003398       0x54 build/diskio.o
                                        0x293 (size before relaxing)
 .debug_str     0x00000000000033ec      0x393 build/ff.o
                                        0x809 (size before relaxing)
 .debug_str     0x000000000000377f       0x8e build/ff_gen_drv.o
                                        0x2e4 (size before relaxing)
 .debug_str     0x000000000000380d       0x24 build/startup_stm32f407xx.o
                                         0x55 (size before relaxing)

.comment        0x0000000000000000       0x49
 .comment       0x0000000000000000       0x49 build/main.o
                                         0x4a (size before relaxing)
 .comment       0x0000000000000049       0x4a build/stm32f4xx_it.o
 .comment       0x0000000000000049       0x4a build/stm32f4xx_hal_msp.o
 .comment       0x0000000000000049       0x4a build/fatfs.o
 .comment       0x0000000000000049       0x4a build/bsp_driver_sd.o
 .comment       0x0000000000000049       0x4a build/sd_diskio.o
 .comment       0x0000000000000049       0x4a build/stm32f4xx_hal_rcc.o
 .comment       0x0000000000000049       0x4a build/stm32f4xx_hal_gpio.o
 .comment       0x0000000000000049       0x4a build/stm32f4xx_hal_cortex.o
 .comment       0x0000000000000049       0x4a build/stm32f4xx_hal.o
 .comment       0x0000000000000049       0x4a build/stm32f4xx_ll_sdmmc.o
 .comment       0x0000000000000049       0x4a build/stm32f4xx_hal_sd.o
 .comment       0x0000000000000049       0x4a build/stm32f4xx_hal_uart.o
 .comment       0x0000000000000049       0x4a build/system_stm32f4xx.o
 .comment       0x0000000000000049       0x4a build/diskio.o
 .comment       0x0000000000000049       0x4a build/ff.o
 .comment       0x0000000000000049       0x4a build/ff_gen_drv.o

.debug_frame    0x0000000000000000     0x270c
 .debug_frame   0x0000000000000000       0xd8 build/main.o
 .debug_frame   0x00000000000000d8       0xa8 build/stm32f4xx_it.o
 .debug_frame   0x0000000000000180       0xa0 build/stm32f4xx_hal_msp.o
 .debug_frame   0x0000000000000220       0x38 build/fatfs.o
 .debug_frame   0x0000000000000258      0x188 build/bsp_driver_sd.o
 .debug_frame   0x00000000000003e0       0xac build/sd_diskio.o
 .debug_frame   0x000000000000048c      0x16c build/stm32f4xx_hal_rcc.o
 .debug_frame   0x00000000000005f8       0xd8 build/stm32f4xx_hal_gpio.o
 .debug_frame   0x00000000000006d0      0x148 build/stm32f4xx_hal_cortex.o
 .debug_frame   0x0000000000000818      0x1ec build/stm32f4xx_hal.o
 .debug_frame   0x0000000000000a04      0x4c8 build/stm32f4xx_ll_sdmmc.o
 .debug_frame   0x0000000000000ecc      0x4b8 build/stm32f4xx_hal_sd.o
 .debug_frame   0x0000000000001384      0x5cc build/stm32f4xx_hal_uart.o
 .debug_frame   0x0000000000001950       0x30 build/system_stm32f4xx.o
 .debug_frame   0x0000000000001980       0xa0 build/diskio.o
 .debug_frame   0x0000000000001a20      0x7d0 build/ff.o
 .debug_frame   0x00000000000021f0       0x7c build/ff_gen_drv.o
 .debug_frame   0x000000000000226c       0x2c /home/gvelardez/ARM_TOOLS/gcc-arm-none-eabi-10.3-2021.10/bin/../lib/gcc/arm-none-eabi/10.3.1/../../../../arm-none-eabi/lib/thumb/v7e-m+fp/hard/libc_nano.a(lib_a-init.o)
 .debug_frame   0x0000000000002298       0x20 /home/gvelardez/ARM_TOOLS/gcc-arm-none-eabi-10.3-2021.10/bin/../lib/gcc/arm-none-eabi/10.3.1/../../../../arm-none-eabi/lib/thumb/v7e-m+fp/hard/libc_nano.a(lib_a-memset.o)
 .debug_frame   0x00000000000022b8       0x4c /home/gvelardez/ARM_TOOLS/gcc-arm-none-eabi-10.3-2021.10/bin/../lib/gcc/arm-none-eabi/10.3.1/../../../../arm-none-eabi/lib/thumb/v7e-m+fp/hard/libc_nano.a(lib_a-vsnprintf.o)
 .debug_frame   0x0000000000002304       0x90 /home/gvelardez/ARM_TOOLS/gcc-arm-none-eabi-10.3-2021.10/bin/../lib/gcc/arm-none-eabi/10.3.1/../../../../arm-none-eabi/lib/thumb/v7e-m+fp/hard/libc_nano.a(lib_a-nano-svfprintf.o)
 .debug_frame   0x0000000000002394       0x60 /home/gvelardez/ARM_TOOLS/gcc-arm-none-eabi-10.3-2021.10/bin/../lib/gcc/arm-none-eabi/10.3.1/../../../../arm-none-eabi/lib/thumb/v7e-m+fp/hard/libc_nano.a(lib_a-nano-vfprintf_i.o)
 .debug_frame   0x00000000000023f4       0x28 /home/gvelardez/ARM_TOOLS/gcc-arm-none-eabi-10.3-2021.10/bin/../lib/gcc/arm-none-eabi/10.3.1/../../../../arm-none-eabi/lib/thumb/v7e-m+fp/hard/libc_nano.a(lib_a-memcpy-stub.o)
 .debug_frame   0x000000000000241c       0x28 /home/gvelardez/ARM_TOOLS/gcc-arm-none-eabi-10.3-2021.10/bin/../lib/gcc/arm-none-eabi/10.3.1/../../../../arm-none-eabi/lib/thumb/v7e-m+fp/hard/libc_nano.a(lib_a-memmove.o)
 .debug_frame   0x0000000000002444       0x38 /home/gvelardez/ARM_TOOLS/gcc-arm-none-eabi-10.3-2021.10/bin/../lib/gcc/arm-none-eabi/10.3.1/../../../../arm-none-eabi/lib/thumb/v7e-m+fp/hard/libc_nano.a(lib_a-nano-freer.o)
 .debug_frame   0x000000000000247c       0x4c /home/gvelardez/ARM_TOOLS/gcc-arm-none-eabi-10.3-2021.10/bin/../lib/gcc/arm-none-eabi/10.3.1/../../../../arm-none-eabi/lib/thumb/v7e-m+fp/hard/libc_nano.a(lib_a-nano-mallocr.o)
 .debug_frame   0x00000000000024c8       0x3c /home/gvelardez/ARM_TOOLS/gcc-arm-none-eabi-10.3-2021.10/bin/../lib/gcc/arm-none-eabi/10.3.1/../../../../arm-none-eabi/lib/thumb/v7e-m+fp/hard/libc_nano.a(lib_a-nano-reallocr.o)
 .debug_frame   0x0000000000002504       0x2c /home/gvelardez/ARM_TOOLS/gcc-arm-none-eabi-10.3-2021.10/bin/../lib/gcc/arm-none-eabi/10.3.1/../../../../arm-none-eabi/lib/thumb/v7e-m+fp/hard/libc_nano.a(lib_a-sbrkr.o)
 .debug_frame   0x0000000000002530       0x30 /home/gvelardez/ARM_TOOLS/gcc-arm-none-eabi-10.3-2021.10/bin/../lib/gcc/arm-none-eabi/10.3.1/../../../../arm-none-eabi/lib/thumb/v7e-m+fp/hard/libc_nano.a(lib_a-mlock.o)
 .debug_frame   0x0000000000002560       0x20 /home/gvelardez/ARM_TOOLS/gcc-arm-none-eabi-10.3-2021.10/bin/../lib/gcc/arm-none-eabi/10.3.1/../../../../arm-none-eabi/lib/thumb/v7e-m+fp/hard/libc_nano.a(lib_a-nano-msizer.o)
 .debug_frame   0x0000000000002580       0x5c /home/gvelardez/ARM_TOOLS/gcc-arm-none-eabi-10.3-2021.10/bin/../lib/gcc/arm-none-eabi/10.3.1/../../../../arm-none-eabi/lib/thumb/v7e-m+fp/hard/libc_nano.a(lib_a-reent.o)
 .debug_frame   0x00000000000025dc       0xb0 /home/gvelardez/ARM_TOOLS/gcc-arm-none-eabi-10.3-2021.10/bin/../lib/gcc/arm-none-eabi/10.3.1/../../../../arm-none-eabi/lib/thumb/v7e-m+fp/hard/libc_nano.a(lib_a-lock.o)
 .debug_frame   0x000000000000268c       0x20 /home/gvelardez/ARM_TOOLS/gcc-arm-none-eabi-10.3-2021.10/bin/../lib/gcc/arm-none-eabi/10.3.1/../../../../arm-none-eabi/lib/thumb/v7e-m+fp/hard/libnosys.a(sbrk.o)
 .debug_frame   0x00000000000026ac       0x2c /home/gvelardez/ARM_TOOLS/gcc-arm-none-eabi-10.3-2021.10/bin/../lib/gcc/arm-none-eabi/10.3.1/thumb/v7e-m+fp/hard/libgcc.a(_aeabi_uldivmod.o)
 .debug_frame   0x00000000000026d8       0x34 /home/gvelardez/ARM_TOOLS/gcc-arm-none-eabi-10.3-2021.10/bin/../lib/gcc/arm-none-eabi/10.3.1/thumb/v7e-m+fp/hard/libgcc.a(_udivmoddi4.o)

Cross Reference Table

Symbol                                            File
ADC_IRQHandler                                    build/startup_stm32f407xx.o
AHBPrescTable                                     build/system_stm32f4xx.o
                                                  build/stm32f4xx_hal_rcc.o
APBPrescTable                                     build/system_stm32f4xx.o
                                                  build/stm32f4xx_hal_rcc.o
BSP_SD_AbortCallback                              build/bsp_driver_sd.o
BSP_SD_DetectIT                                   build/bsp_driver_sd.o
BSP_SD_Erase                                      build/bsp_driver_sd.o
BSP_SD_GetCardInfo                                build/bsp_driver_sd.o
                                                  build/sd_diskio.o
BSP_SD_GetCardState                               build/bsp_driver_sd.o
                                                  build/sd_diskio.o
BSP_SD_ITConfig                                   build/bsp_driver_sd.o
BSP_SD_Init                                       build/bsp_driver_sd.o
                                                  build/sd_diskio.o
BSP_SD_IsDetected                                 build/bsp_driver_sd.o
BSP_SD_ReadBlocks                                 build/bsp_driver_sd.o
                                                  build/sd_diskio.o
BSP_SD_ReadBlocks_DMA                             build/bsp_driver_sd.o
BSP_SD_ReadCpltCallback                           build/bsp_driver_sd.o
BSP_SD_WriteBlocks                                build/bsp_driver_sd.o
                                                  build/sd_diskio.o
BSP_SD_WriteBlocks_DMA                            build/bsp_driver_sd.o
BSP_SD_WriteCpltCallback                          build/bsp_driver_sd.o
BusFault_Handler                                  build/stm32f4xx_it.o
CAN1_RX0_IRQHandler                               build/startup_stm32f407xx.o
CAN1_RX1_IRQHandler                               build/startup_stm32f407xx.o
CAN1_SCE_IRQHandler                               build/startup_stm32f407xx.o
CAN1_TX_IRQHandler                                build/startup_stm32f407xx.o
CAN2_RX0_IRQHandler                               build/startup_stm32f407xx.o
CAN2_RX1_IRQHandler                               build/startup_stm32f407xx.o
CAN2_SCE_IRQHandler                               build/startup_stm32f407xx.o
CAN2_TX_IRQHandler                                build/startup_stm32f407xx.o
DCMI_IRQHandler                                   build/startup_stm32f407xx.o
DMA1_Stream0_IRQHandler                           build/startup_stm32f407xx.o
DMA1_Stream1_IRQHandler                           build/startup_stm32f407xx.o
DMA1_Stream2_IRQHandler                           build/startup_stm32f407xx.o
DMA1_Stream3_IRQHandler                           build/startup_stm32f407xx.o
DMA1_Stream4_IRQHandler                           build/startup_stm32f407xx.o
DMA1_Stream5_IRQHandler                           build/startup_stm32f407xx.o
DMA1_Stream6_IRQHandler                           build/startup_stm32f407xx.o
DMA1_Stream7_IRQHandler                           build/startup_stm32f407xx.o
DMA2_Stream0_IRQHandler                           build/startup_stm32f407xx.o
DMA2_Stream1_IRQHandler                           build/startup_stm32f407xx.o
DMA2_Stream2_IRQHandler                           build/startup_stm32f407xx.o
DMA2_Stream3_IRQHandler                           build/startup_stm32f407xx.o
DMA2_Stream4_IRQHandler                           build/startup_stm32f407xx.o
DMA2_Stream5_IRQHandler                           build/startup_stm32f407xx.o
DMA2_Stream6_IRQHandler                           build/startup_stm32f407xx.o
DMA2_Stream7_IRQHandler                           build/startup_stm32f407xx.o
DebugMon_Handler                                  build/stm32f4xx_it.o
Default_Handler                                   build/startup_stm32f407xx.o
ETH_IRQHandler                                    build/startup_stm32f407xx.o
ETH_WKUP_IRQHandler                               build/startup_stm32f407xx.o
EXTI0_IRQHandler                                  build/startup_stm32f407xx.o
EXTI15_10_IRQHandler                              build/startup_stm32f407xx.o
EXTI1_IRQHandler                                  build/startup_stm32f407xx.o
EXTI2_IRQHandler                                  build/startup_stm32f407xx.o
EXTI3_IRQHandler                                  build/startup_stm32f407xx.o
EXTI4_IRQHandler                                  build/startup_stm32f407xx.o
EXTI9_5_IRQHandler                                build/startup_stm32f407xx.o
Error_Handler                                     build/main.o
FATFS_GetAttachedDriversNbr                       build/ff_gen_drv.o
FATFS_LinkDriver                                  build/ff_gen_drv.o
                                                  build/fatfs.o
FATFS_LinkDriverEx                                build/ff_gen_drv.o
FATFS_UnLinkDriver                                build/ff_gen_drv.o
FATFS_UnLinkDriverEx                              build/ff_gen_drv.o
FLASH_Erase_Sector                                build/stm32f4xx_hal_flash_ex.o
                                                  build/stm32f4xx_hal_flash.o
FLASH_FlushCaches                                 build/stm32f4xx_hal_flash_ex.o
                                                  build/stm32f4xx_hal_flash.o
FLASH_IRQHandler                                  build/startup_stm32f407xx.o
FLASH_WaitForLastOperation                        build/stm32f4xx_hal_flash.o
                                                  build/stm32f4xx_hal_flash_ex.o
FPU_IRQHandler                                    build/startup_stm32f407xx.o
FSMC_IRQHandler                                   build/startup_stm32f407xx.o
HAL_DBGMCU_DisableDBGSleepMode                    build/stm32f4xx_hal.o
HAL_DBGMCU_DisableDBGStandbyMode                  build/stm32f4xx_hal.o
HAL_DBGMCU_DisableDBGStopMode                     build/stm32f4xx_hal.o
HAL_DBGMCU_EnableDBGSleepMode                     build/stm32f4xx_hal.o
HAL_DBGMCU_EnableDBGStandbyMode                   build/stm32f4xx_hal.o
HAL_DBGMCU_EnableDBGStopMode                      build/stm32f4xx_hal.o
HAL_DMAEx_ChangeMemory                            build/stm32f4xx_hal_dma_ex.o
HAL_DMAEx_MultiBufferStart                        build/stm32f4xx_hal_dma_ex.o
HAL_DMAEx_MultiBufferStart_IT                     build/stm32f4xx_hal_dma_ex.o
HAL_DMA_Abort                                     build/stm32f4xx_hal_dma.o
                                                  build/stm32f4xx_hal_uart.o
                                                  build/stm32f4xx_hal_sd.o
HAL_DMA_Abort_IT                                  build/stm32f4xx_hal_dma.o
                                                  build/stm32f4xx_hal_uart.o
                                                  build/stm32f4xx_hal_sd.o
HAL_DMA_DeInit                                    build/stm32f4xx_hal_dma.o
HAL_DMA_GetError                                  build/stm32f4xx_hal_dma.o
                                                  build/stm32f4xx_hal_uart.o
                                                  build/stm32f4xx_hal_sd.o
HAL_DMA_GetState                                  build/stm32f4xx_hal_dma.o
HAL_DMA_IRQHandler                                build/stm32f4xx_hal_dma.o
HAL_DMA_Init                                      build/stm32f4xx_hal_dma.o
HAL_DMA_PollForTransfer                           build/stm32f4xx_hal_dma.o
HAL_DMA_RegisterCallback                          build/stm32f4xx_hal_dma.o
HAL_DMA_Start                                     build/stm32f4xx_hal_dma.o
HAL_DMA_Start_IT                                  build/stm32f4xx_hal_dma.o
                                                  build/stm32f4xx_hal_uart.o
                                                  build/stm32f4xx_hal_sd.o
HAL_DMA_UnRegisterCallback                        build/stm32f4xx_hal_dma.o
HAL_DeInit                                        build/stm32f4xx_hal.o
HAL_Delay                                         build/stm32f4xx_hal.o
                                                  build/stm32f4xx_hal_sd.o
                                                  build/main.o
HAL_DisableCompensationCell                       build/stm32f4xx_hal.o
HAL_EXTI_ClearConfigLine                          build/stm32f4xx_hal_exti.o
HAL_EXTI_ClearPending                             build/stm32f4xx_hal_exti.o
HAL_EXTI_GenerateSWI                              build/stm32f4xx_hal_exti.o
HAL_EXTI_GetConfigLine                            build/stm32f4xx_hal_exti.o
HAL_EXTI_GetHandle                                build/stm32f4xx_hal_exti.o
HAL_EXTI_GetPending                               build/stm32f4xx_hal_exti.o
HAL_EXTI_IRQHandler                               build/stm32f4xx_hal_exti.o
HAL_EXTI_RegisterCallback                         build/stm32f4xx_hal_exti.o
HAL_EXTI_SetConfigLine                            build/stm32f4xx_hal_exti.o
HAL_EnableCompensationCell                        build/stm32f4xx_hal.o
HAL_FLASHEx_Erase                                 build/stm32f4xx_hal_flash_ex.o
HAL_FLASHEx_Erase_IT                              build/stm32f4xx_hal_flash_ex.o
HAL_FLASHEx_OBGetConfig                           build/stm32f4xx_hal_flash_ex.o
HAL_FLASHEx_OBProgram                             build/stm32f4xx_hal_flash_ex.o
HAL_FLASH_EndOfOperationCallback                  build/stm32f4xx_hal_flash.o
HAL_FLASH_GetError                                build/stm32f4xx_hal_flash.o
HAL_FLASH_IRQHandler                              build/stm32f4xx_hal_flash.o
HAL_FLASH_Lock                                    build/stm32f4xx_hal_flash.o
HAL_FLASH_OB_Launch                               build/stm32f4xx_hal_flash.o
HAL_FLASH_OB_Lock                                 build/stm32f4xx_hal_flash.o
HAL_FLASH_OB_Unlock                               build/stm32f4xx_hal_flash.o
HAL_FLASH_OperationErrorCallback                  build/stm32f4xx_hal_flash.o
HAL_FLASH_Program                                 build/stm32f4xx_hal_flash.o
HAL_FLASH_Program_IT                              build/stm32f4xx_hal_flash.o
HAL_FLASH_Unlock                                  build/stm32f4xx_hal_flash.o
HAL_GPIO_DeInit                                   build/stm32f4xx_hal_gpio.o
                                                  build/stm32f4xx_hal_msp.o
HAL_GPIO_EXTI_Callback                            build/stm32f4xx_hal_gpio.o
HAL_GPIO_EXTI_IRQHandler                          build/stm32f4xx_hal_gpio.o
HAL_GPIO_Init                                     build/stm32f4xx_hal_gpio.o
                                                  build/stm32f4xx_hal_rcc.o
                                                  build/stm32f4xx_hal_msp.o
                                                  build/main.o
HAL_GPIO_LockPin                                  build/stm32f4xx_hal_gpio.o
HAL_GPIO_ReadPin                                  build/stm32f4xx_hal_gpio.o
HAL_GPIO_TogglePin                                build/stm32f4xx_hal_gpio.o
                                                  build/main.o
HAL_GPIO_WritePin                                 build/stm32f4xx_hal_gpio.o
                                                  build/main.o
HAL_GetDEVID                                      build/stm32f4xx_hal.o
HAL_GetHalVersion                                 build/stm32f4xx_hal.o
HAL_GetREVID                                      build/stm32f4xx_hal.o
HAL_GetTick                                       build/stm32f4xx_hal.o
                                                  build/stm32f4xx_hal_uart.o
                                                  build/stm32f4xx_hal_sd.o
                                                  build/stm32f4xx_hal_pwr_ex.o
                                                  build/stm32f4xx_hal_dma.o
                                                  build/stm32f4xx_hal_flash.o
                                                  build/stm32f4xx_hal_rcc_ex.o
                                                  build/stm32f4xx_hal_rcc.o
HAL_GetTickFreq                                   build/stm32f4xx_hal.o
HAL_GetTickPrio                                   build/stm32f4xx_hal.o
HAL_GetUIDw0                                      build/stm32f4xx_hal.o
HAL_GetUIDw1                                      build/stm32f4xx_hal.o
HAL_GetUIDw2                                      build/stm32f4xx_hal.o
HAL_HalfDuplex_EnableReceiver                     build/stm32f4xx_hal_uart.o
HAL_HalfDuplex_EnableTransmitter                  build/stm32f4xx_hal_uart.o
HAL_HalfDuplex_Init                               build/stm32f4xx_hal_uart.o
HAL_IncTick                                       build/stm32f4xx_hal.o
                                                  build/stm32f4xx_it.o
HAL_Init                                          build/stm32f4xx_hal.o
                                                  build/main.o
HAL_InitTick                                      build/stm32f4xx_hal.o
                                                  build/stm32f4xx_hal_rcc_ex.o
                                                  build/stm32f4xx_hal_rcc.o
HAL_LIN_Init                                      build/stm32f4xx_hal_uart.o
HAL_LIN_SendBreak                                 build/stm32f4xx_hal_uart.o
HAL_MPU_ConfigRegion                              build/stm32f4xx_hal_cortex.o
HAL_MPU_Disable                                   build/stm32f4xx_hal_cortex.o
HAL_MPU_Enable                                    build/stm32f4xx_hal_cortex.o
HAL_MspDeInit                                     build/stm32f4xx_hal.o
HAL_MspInit                                       build/stm32f4xx_hal_msp.o
HAL_MultiProcessor_EnterMuteMode                  build/stm32f4xx_hal_uart.o
HAL_MultiProcessor_ExitMuteMode                   build/stm32f4xx_hal_uart.o
HAL_MultiProcessor_Init                           build/stm32f4xx_hal_uart.o
HAL_NVIC_ClearPendingIRQ                          build/stm32f4xx_hal_cortex.o
HAL_NVIC_DisableIRQ                               build/stm32f4xx_hal_cortex.o
HAL_NVIC_EnableIRQ                                build/stm32f4xx_hal_cortex.o
HAL_NVIC_GetActive                                build/stm32f4xx_hal_cortex.o
HAL_NVIC_GetPendingIRQ                            build/stm32f4xx_hal_cortex.o
HAL_NVIC_GetPriority                              build/stm32f4xx_hal_cortex.o
HAL_NVIC_GetPriorityGrouping                      build/stm32f4xx_hal_cortex.o
HAL_NVIC_SetPendingIRQ                            build/stm32f4xx_hal_cortex.o
HAL_NVIC_SetPriority                              build/stm32f4xx_hal_cortex.o
                                                  build/stm32f4xx_hal.o
HAL_NVIC_SetPriorityGrouping                      build/stm32f4xx_hal_cortex.o
                                                  build/stm32f4xx_hal.o
HAL_NVIC_SystemReset                              build/stm32f4xx_hal_cortex.o
HAL_PWREx_ControlVoltageScaling                   build/stm32f4xx_hal_pwr_ex.o
HAL_PWREx_DisableBkUpReg                          build/stm32f4xx_hal_pwr_ex.o
HAL_PWREx_DisableFlashPowerDown                   build/stm32f4xx_hal_pwr_ex.o
HAL_PWREx_EnableBkUpReg                           build/stm32f4xx_hal_pwr_ex.o
HAL_PWREx_EnableFlashPowerDown                    build/stm32f4xx_hal_pwr_ex.o
HAL_PWREx_GetVoltageRange                         build/stm32f4xx_hal_pwr_ex.o
HAL_PWR_ConfigPVD                                 build/stm32f4xx_hal_pwr.o
HAL_PWR_DeInit                                    build/stm32f4xx_hal_pwr.o
HAL_PWR_DisableBkUpAccess                         build/stm32f4xx_hal_pwr.o
HAL_PWR_DisablePVD                                build/stm32f4xx_hal_pwr.o
HAL_PWR_DisableSEVOnPend                          build/stm32f4xx_hal_pwr.o
HAL_PWR_DisableSleepOnExit                        build/stm32f4xx_hal_pwr.o
HAL_PWR_DisableWakeUpPin                          build/stm32f4xx_hal_pwr.o
HAL_PWR_EnableBkUpAccess                          build/stm32f4xx_hal_pwr.o
HAL_PWR_EnablePVD                                 build/stm32f4xx_hal_pwr.o
HAL_PWR_EnableSEVOnPend                           build/stm32f4xx_hal_pwr.o
HAL_PWR_EnableSleepOnExit                         build/stm32f4xx_hal_pwr.o
HAL_PWR_EnableWakeUpPin                           build/stm32f4xx_hal_pwr.o
HAL_PWR_EnterSLEEPMode                            build/stm32f4xx_hal_pwr.o
HAL_PWR_EnterSTANDBYMode                          build/stm32f4xx_hal_pwr.o
HAL_PWR_EnterSTOPMode                             build/stm32f4xx_hal_pwr.o
HAL_PWR_PVDCallback                               build/stm32f4xx_hal_pwr.o
HAL_PWR_PVD_IRQHandler                            build/stm32f4xx_hal_pwr.o
HAL_RCCEx_DisablePLLI2S                           build/stm32f4xx_hal_rcc_ex.o
HAL_RCCEx_EnablePLLI2S                            build/stm32f4xx_hal_rcc_ex.o
HAL_RCCEx_GetPeriphCLKConfig                      build/stm32f4xx_hal_rcc_ex.o
HAL_RCCEx_GetPeriphCLKFreq                        build/stm32f4xx_hal_rcc_ex.o
HAL_RCCEx_PeriphCLKConfig                         build/stm32f4xx_hal_rcc_ex.o
HAL_RCC_CSSCallback                               build/stm32f4xx_hal_rcc.o
HAL_RCC_ClockConfig                               build/stm32f4xx_hal_rcc.o
                                                  build/main.o
HAL_RCC_DeInit                                    build/stm32f4xx_hal_rcc_ex.o
                                                  build/stm32f4xx_hal_rcc.o
HAL_RCC_DisableCSS                                build/stm32f4xx_hal_rcc.o
HAL_RCC_EnableCSS                                 build/stm32f4xx_hal_rcc.o
HAL_RCC_GetClockConfig                            build/stm32f4xx_hal_rcc.o
HAL_RCC_GetHCLKFreq                               build/stm32f4xx_hal_rcc.o
HAL_RCC_GetOscConfig                              build/stm32f4xx_hal_rcc.o
HAL_RCC_GetPCLK1Freq                              build/stm32f4xx_hal_rcc.o
                                                  build/stm32f4xx_hal_uart.o
HAL_RCC_GetPCLK2Freq                              build/stm32f4xx_hal_rcc.o
                                                  build/stm32f4xx_hal_uart.o
HAL_RCC_GetSysClockFreq                           build/stm32f4xx_hal_rcc.o
HAL_RCC_MCOConfig                                 build/stm32f4xx_hal_rcc.o
HAL_RCC_NMI_IRQHandler                            build/stm32f4xx_hal_rcc.o
HAL_RCC_OscConfig                                 build/stm32f4xx_hal_rcc.o
                                                  build/main.o
HAL_ResumeTick                                    build/stm32f4xx_hal.o
HAL_SD_Abort                                      build/stm32f4xx_hal_sd.o
HAL_SD_AbortCallback                              build/bsp_driver_sd.o
HAL_SD_Abort_IT                                   build/stm32f4xx_hal_sd.o
HAL_SD_ConfigWideBusOperation                     build/stm32f4xx_hal_sd.o
HAL_SD_DeInit                                     build/stm32f4xx_hal_sd.o
HAL_SD_Erase                                      build/stm32f4xx_hal_sd.o
                                                  build/bsp_driver_sd.o
HAL_SD_ErrorCallback                              build/stm32f4xx_hal_sd.o
HAL_SD_GetCardCID                                 build/stm32f4xx_hal_sd.o
HAL_SD_GetCardCSD                                 build/stm32f4xx_hal_sd.o
HAL_SD_GetCardInfo                                build/stm32f4xx_hal_sd.o
                                                  build/bsp_driver_sd.o
HAL_SD_GetCardState                               build/stm32f4xx_hal_sd.o
                                                  build/bsp_driver_sd.o
HAL_SD_GetCardStatus                              build/stm32f4xx_hal_sd.o
HAL_SD_GetError                                   build/stm32f4xx_hal_sd.o
HAL_SD_GetState                                   build/stm32f4xx_hal_sd.o
HAL_SD_IRQHandler                                 build/stm32f4xx_hal_sd.o
HAL_SD_Init                                       build/stm32f4xx_hal_sd.o
                                                  build/bsp_driver_sd.o
HAL_SD_InitCard                                   build/stm32f4xx_hal_sd.o
HAL_SD_MspDeInit                                  build/stm32f4xx_hal_msp.o
HAL_SD_MspInit                                    build/stm32f4xx_hal_msp.o
HAL_SD_ReadBlocks                                 build/stm32f4xx_hal_sd.o
                                                  build/bsp_driver_sd.o
HAL_SD_ReadBlocks_DMA                             build/stm32f4xx_hal_sd.o
                                                  build/bsp_driver_sd.o
HAL_SD_ReadBlocks_IT                              build/stm32f4xx_hal_sd.o
HAL_SD_RxCpltCallback                             build/bsp_driver_sd.o
HAL_SD_TxCpltCallback                             build/bsp_driver_sd.o
HAL_SD_WriteBlocks                                build/stm32f4xx_hal_sd.o
                                                  build/bsp_driver_sd.o
HAL_SD_WriteBlocks_DMA                            build/stm32f4xx_hal_sd.o
                                                  build/bsp_driver_sd.o
HAL_SD_WriteBlocks_IT                             build/stm32f4xx_hal_sd.o
HAL_SYSTICK_CLKSourceConfig                       build/stm32f4xx_hal_cortex.o
HAL_SYSTICK_Callback                              build/stm32f4xx_hal_cortex.o
HAL_SYSTICK_Config                                build/stm32f4xx_hal_cortex.o
                                                  build/stm32f4xx_hal.o
HAL_SYSTICK_IRQHandler                            build/stm32f4xx_hal_cortex.o
HAL_SetTickFreq                                   build/stm32f4xx_hal.o
HAL_SuspendTick                                   build/stm32f4xx_hal.o
HAL_UARTEx_ReceiveToIdle                          build/stm32f4xx_hal_uart.o
HAL_UARTEx_ReceiveToIdle_DMA                      build/stm32f4xx_hal_uart.o
HAL_UARTEx_ReceiveToIdle_IT                       build/stm32f4xx_hal_uart.o
HAL_UARTEx_RxEventCallback                        build/stm32f4xx_hal_uart.o
HAL_UART_Abort                                    build/stm32f4xx_hal_uart.o
HAL_UART_AbortCpltCallback                        build/stm32f4xx_hal_uart.o
HAL_UART_AbortReceive                             build/stm32f4xx_hal_uart.o
HAL_UART_AbortReceiveCpltCallback                 build/stm32f4xx_hal_uart.o